info: Servidor WebSocket escoltant al port 8080...
info: Connexió a MongoDB establerta.
info: Nou client connectat.
info: Moviment registrat: {"sessionId":"1746262289096","timestamp":"2025-05-03T08:51:34.890Z","x":0,"y":-1,"_id":"6815d9162edce221ec49fc14"}
info: Moviment registrat: {"sessionId":"1746262289096","timestamp":"2025-05-03T08:51:35.338Z","x":0,"y":-2,"_id":"6815d9172edce221ec49fc15"}
info: Moviment registrat: {"sessionId":"1746262289096","timestamp":"2025-05-03T08:51:36.016Z","x":0,"y":-1,"_id":"6815d9182edce221ec49fc16"}
info: Moviment registrat: {"sessionId":"1746262289096","timestamp":"2025-05-03T08:51:36.385Z","x":0,"y":0,"_id":"6815d9182edce221ec49fc17"}
info: Moviment registrat: {"sessionId":"1746262289096","timestamp":"2025-05-03T08:51:36.474Z","x":0,"y":-1,"_id":"6815d9182edce221ec49fc18"}
info: Moviment registrat: {"sessionId":"1746262289096","timestamp":"2025-05-03T08:51:36.816Z","x":0,"y":-2,"_id":"6815d9182edce221ec49fc19"}
info: Moviment registrat: {"sessionId":"1746262289096","timestamp":"2025-05-03T08:51:37.131Z","x":0,"y":-3,"_id":"6815d9192edce221ec49fc1a"}
info: Moviment registrat: {"sessionId":"1746262289096","timestamp":"2025-05-03T08:51:37.201Z","x":0,"y":-2,"_id":"6815d9192edce221ec49fc1b"}
info: Moviment registrat: {"sessionId":"1746262289096","timestamp":"2025-05-03T08:51:40.054Z","x":1,"y":-2,"_id":"6815d91c2edce221ec49fc1c"}
info: Moviment registrat: {"sessionId":"1746262289096","timestamp":"2025-05-03T08:51:40.514Z","x":1,"y":-3,"_id":"6815d91c2edce221ec49fc1d"}
info: Moviment registrat: {"sessionId":"1746262289096","timestamp":"2025-05-03T08:51:40.933Z","x":1,"y":-2,"_id":"6815d91c2edce221ec49fc1e"}
info: Moviment registrat: {"sessionId":"1746262289096","timestamp":"2025-05-03T08:51:40.954Z","x":0,"y":-2,"_id":"6815d91c2edce221ec49fc1f"}
info: Moviment registrat: {"sessionId":"1746262289096","timestamp":"2025-05-03T08:51:41.111Z","x":0,"y":-1,"_id":"6815d91d2edce221ec49fc20"}
info: Moviment registrat: {"sessionId":"1746262289096","timestamp":"2025-05-03T08:51:41.703Z","x":-1,"y":-1,"_id":"6815d91d2edce221ec49fc21"}
info: Moviment registrat: {"sessionId":"1746262289096","timestamp":"2025-05-03T08:51:41.780Z","x":0,"y":-1,"_id":"6815d91d2edce221ec49fc22"}
info: Moviment registrat: {"sessionId":"1746262289096","timestamp":"2025-05-03T08:51:42.134Z","x":0,"y":-2,"_id":"6815d91e2edce221ec49fc23"}
info: Moviment registrat: {"sessionId":"1746262289096","timestamp":"2025-05-03T08:51:42.220Z","x":0,"y":-1,"_id":"6815d91e2edce221ec49fc24"}
info: Moviment registrat: {"sessionId":"1746262289096","timestamp":"2025-05-03T08:51:42.662Z","x":-1,"y":-1,"_id":"6815d91e2edce221ec49fc25"}
info: Moviment registrat: {"sessionId":"1746262289096","timestamp":"2025-05-03T08:51:42.804Z","x":-1,"y":-2,"_id":"6815d91e2edce221ec49fc26"}
info: Moviment registrat: {"sessionId":"1746262289096","timestamp":"2025-05-03T08:51:42.943Z","x":-1,"y":-1,"_id":"6815d91e2edce221ec49fc27"}
info: Moviment registrat: {"sessionId":"1746262289096","timestamp":"2025-05-03T08:51:43.046Z","x":0,"y":-1,"_id":"6815d91f2edce221ec49fc28"}
info: Moviment registrat: {"sessionId":"1746262289096","timestamp":"2025-05-03T08:51:43.362Z","x":-1,"y":-1,"_id":"6815d91f2edce221ec49fc29"}
info: Moviment registrat: {"sessionId":"1746262289096","timestamp":"2025-05-03T08:51:43.540Z","x":-1,"y":0,"_id":"6815d91f2edce221ec49fc2a"}
info: Moviment registrat: {"sessionId":"1746262289096","timestamp":"2025-05-03T08:51:43.905Z","x":-1,"y":-1,"_id":"6815d91f2edce221ec49fc2b"}
info: Moviment registrat: {"sessionId":"1746262289096","timestamp":"2025-05-03T08:51:43.914Z","x":-2,"y":-1,"_id":"6815d91f2edce221ec49fc2c"}
info: Moviment registrat: {"sessionId":"1746262289096","timestamp":"2025-05-03T08:51:44.301Z","x":-2,"y":0,"_id":"6815d9202edce221ec49fc2d"}
info: Moviment registrat: {"sessionId":"1746262289096","timestamp":"2025-05-03T08:51:51.672Z","x":-2,"y":1,"_id":"6815d9272edce221ec49fc2e"}
info: Moviment registrat: {"sessionId":"1746262289096","timestamp":"2025-05-03T08:51:51.833Z","x":-2,"y":2,"_id":"6815d9272edce221ec49fc2f"}
info: Moviment registrat: {"sessionId":"1746262289096","timestamp":"2025-05-03T08:51:52.021Z","x":-2,"y":3,"_id":"6815d9282edce221ec49fc30"}
info: Moviment registrat: {"sessionId":"1746262289096","timestamp":"2025-05-03T08:51:52.171Z","x":-2,"y":4,"_id":"6815d9282edce221ec49fc31"}
info: Moviment registrat: {"sessionId":"1746262289096","timestamp":"2025-05-03T08:51:52.328Z","x":-2,"y":5,"_id":"6815d9282edce221ec49fc32"}
info: Moviment registrat: {"sessionId":"1746262289096","timestamp":"2025-05-03T08:51:52.472Z","x":-2,"y":6,"_id":"6815d9282edce221ec49fc33"}
info: Moviment registrat: {"sessionId":"1746262289096","timestamp":"2025-05-03T08:51:52.968Z","x":-2,"y":7,"_id":"6815d9282edce221ec49fc34"}
info: Moviment registrat: {"sessionId":"1746262289096","timestamp":"2025-05-03T08:51:52.998Z","x":-2,"y":8,"_id":"6815d9282edce221ec49fc35"}
info: Moviment registrat: {"sessionId":"1746262289096","timestamp":"2025-05-03T08:51:53.029Z","x":-2,"y":9,"_id":"6815d9292edce221ec49fc36"}
info: Moviment registrat: {"sessionId":"1746262289096","timestamp":"2025-05-03T08:51:53.058Z","x":-2,"y":10,"_id":"6815d9292edce221ec49fc37"}
info: Moviment registrat: {"sessionId":"1746262289096","timestamp":"2025-05-03T08:51:53.096Z","x":-2,"y":11,"_id":"6815d9292edce221ec49fc38"}
info: Moviment registrat: {"sessionId":"1746262289096","timestamp":"2025-05-03T08:51:53.119Z","x":-2,"y":12,"_id":"6815d9292edce221ec49fc39"}
info: Moviment registrat: {"sessionId":"1746262289096","timestamp":"2025-05-03T08:51:53.154Z","x":-2,"y":13,"_id":"6815d9292edce221ec49fc3a"}
info: Moviment registrat: {"sessionId":"1746262289096","timestamp":"2025-05-03T08:51:53.184Z","x":-2,"y":14,"_id":"6815d9292edce221ec49fc3b"}
info: Moviment registrat: {"sessionId":"1746262289096","timestamp":"2025-05-03T08:51:59.553Z","x":-2,"y":13,"_id":"6815d92f2edce221ec49fc3c"}
info: Moviment registrat: {"sessionId":"1746262289096","timestamp":"2025-05-03T08:52:00.057Z","x":-2,"y":12,"_id":"6815d9302edce221ec49fc3d"}
info: Moviment registrat: {"sessionId":"1746262289096","timestamp":"2025-05-03T08:52:00.088Z","x":-2,"y":11,"_id":"6815d9302edce221ec49fc3e"}
info: Moviment registrat: {"sessionId":"1746262289096","timestamp":"2025-05-03T08:52:00.118Z","x":-2,"y":10,"_id":"6815d9302edce221ec49fc3f"}
info: Moviment registrat: {"sessionId":"1746262289096","timestamp":"2025-05-03T08:52:00.148Z","x":-2,"y":9,"_id":"6815d9302edce221ec49fc40"}
info: Moviment registrat: {"sessionId":"1746262289096","timestamp":"2025-05-03T08:52:00.179Z","x":-2,"y":8,"_id":"6815d9302edce221ec49fc41"}
info: Moviment registrat: {"sessionId":"1746262289096","timestamp":"2025-05-03T08:52:00.214Z","x":-2,"y":7,"_id":"6815d9302edce221ec49fc42"}
info: Moviment registrat: {"sessionId":"1746262289096","timestamp":"2025-05-03T08:52:00.239Z","x":-2,"y":6,"_id":"6815d9302edce221ec49fc43"}
info: Moviment registrat: {"sessionId":"1746262289096","timestamp":"2025-05-03T08:52:00.277Z","x":-2,"y":5,"_id":"6815d9302edce221ec49fc44"}
info: Moviment registrat: {"sessionId":"1746262289096","timestamp":"2025-05-03T08:52:00.300Z","x":-2,"y":4,"_id":"6815d9302edce221ec49fc45"}
info: Moviment registrat: {"sessionId":"1746262289096","timestamp":"2025-05-03T08:52:00.330Z","x":-2,"y":3,"_id":"6815d9302edce221ec49fc46"}
info: Moviment registrat: {"sessionId":"1746262289096","timestamp":"2025-05-03T08:52:00.360Z","x":-2,"y":2,"_id":"6815d9302edce221ec49fc47"}
info: Moviment registrat: {"sessionId":"1746262289096","timestamp":"2025-05-03T08:52:00.393Z","x":-2,"y":1,"_id":"6815d9302edce221ec49fc48"}
info: Moviment registrat: {"sessionId":"1746262289096","timestamp":"2025-05-03T08:52:00.421Z","x":-2,"y":0,"_id":"6815d9302edce221ec49fc49"}
info: Moviment registrat: {"sessionId":"1746262289096","timestamp":"2025-05-03T08:52:00.452Z","x":-2,"y":-1,"_id":"6815d9302edce221ec49fc4a"}
info: Moviment registrat: {"sessionId":"1746262289096","timestamp":"2025-05-03T08:52:00.482Z","x":-2,"y":-2,"_id":"6815d9302edce221ec49fc4b"}
info: Moviment registrat: {"sessionId":"1746262289096","timestamp":"2025-05-03T08:52:00.516Z","x":-2,"y":-3,"_id":"6815d9302edce221ec49fc4c"}
info: Moviment registrat: {"sessionId":"1746262289096","timestamp":"2025-05-03T08:52:00.542Z","x":-2,"y":-4,"_id":"6815d9302edce221ec49fc4d"}
info: Moviment registrat: {"sessionId":"1746262289096","timestamp":"2025-05-03T08:52:00.576Z","x":-2,"y":-5,"_id":"6815d9302edce221ec49fc4e"}
info: Moviment registrat: {"sessionId":"1746262289096","timestamp":"2025-05-03T08:52:00.603Z","x":-2,"y":-6,"_id":"6815d9302edce221ec49fc4f"}
info: Partida 1746262289096 finalitzada per inactivitat.
info: Distància línia recta: 5.39
info: Client desconnectat.
info: Nou client connectat.
info: Moviment registrat: {"sessionId":"1746262386462","timestamp":"2025-05-03T08:53:07.723Z","x":0,"y":-1,"_id":"6815d9732edce221ec49fc50"}
info: Moviment registrat: {"sessionId":"1746262386462","timestamp":"2025-05-03T08:53:08.812Z","x":0,"y":-2,"_id":"6815d9742edce221ec49fc51"}
info: Moviment registrat: {"sessionId":"1746262386462","timestamp":"2025-05-03T08:53:13.379Z","x":0,"y":-1,"_id":"6815d9792edce221ec49fc52"}
info: Moviment registrat: {"sessionId":"1746262386462","timestamp":"2025-05-03T08:53:13.698Z","x":1,"y":-1,"_id":"6815d9792edce221ec49fc53"}
info: Moviment registrat: {"sessionId":"1746262386462","timestamp":"2025-05-03T08:53:13.912Z","x":0,"y":-1,"_id":"6815d9792edce221ec49fc54"}
info: Moviment registrat: {"sessionId":"1746262386462","timestamp":"2025-05-03T08:53:14.022Z","x":0,"y":-2,"_id":"6815d97a2edce221ec49fc55"}
info: Moviment registrat: {"sessionId":"1746262386462","timestamp":"2025-05-03T08:53:14.105Z","x":0,"y":-1,"_id":"6815d97a2edce221ec49fc56"}
info: Moviment registrat: {"sessionId":"1746262386462","timestamp":"2025-05-03T08:53:14.253Z","x":-1,"y":-1,"_id":"6815d97a2edce221ec49fc57"}
info: Moviment registrat: {"sessionId":"1746262386462","timestamp":"2025-05-03T08:53:14.478Z","x":-1,"y":-2,"_id":"6815d97a2edce221ec49fc58"}
info: Client desconnectat.
info: Servidor WebSocket escoltant al port 8080...
info: Servidor WebSocket escoltant al port 8080...
info: Connexió a MongoDB establerta.
info: Nou client connectat.
error: Error processant el missatge: Command insert requires authentication {"code":13,"codeName":"Unauthorized","errorLabelSet":{},"errorResponse":{"code":13,"codeName":"Unauthorized","errmsg":"Command insert requires authentication","ok":0},"ok":0,"stack":"MongoServerError: Command insert requires authentication\n    at Connection.sendCommand (C:\\Users\\HP\\Documents\\GitHub\\M6-PR3.2\\node_modules\\mongodb\\lib\\cmap\\connection.js:299:27)\n    at process.processTicksAndRejections (node:internal/process/task_queues:95:5)\n    at async Connection.command (C:\\Users\\HP\\Documents\\GitHub\\M6-PR3.2\\node_modules\\mongodb\\lib\\cmap\\connection.js:327:26)\n    at async Server.command (C:\\Users\\HP\\Documents\\GitHub\\M6-PR3.2\\node_modules\\mongodb\\lib\\sdam\\server.js:168:29)\n    at async InsertOneOperation.executeCommand (C:\\Users\\HP\\Documents\\GitHub\\M6-PR3.2\\node_modules\\mongodb\\lib\\operations\\command.js:76:16)\n    at async InsertOneOperation.execute (C:\\Users\\HP\\Documents\\GitHub\\M6-PR3.2\\node_modules\\mongodb\\lib\\operations\\insert.js:37:16)\n    at async InsertOneOperation.execute (C:\\Users\\HP\\Documents\\GitHub\\M6-PR3.2\\node_modules\\mongodb\\lib\\operations\\insert.js:46:21)\n    at async tryOperation (C:\\Users\\HP\\Documents\\GitHub\\M6-PR3.2\\node_modules\\mongodb\\lib\\operations\\execute_operation.js:207:20)\n    at async executeOperation (C:\\Users\\HP\\Documents\\GitHub\\M6-PR3.2\\node_modules\\mongodb\\lib\\operations\\execute_operation.js:75:16)\n    at async Collection.insertOne (C:\\Users\\HP\\Documents\\GitHub\\M6-PR3.2\\node_modules\\mongodb\\lib\\collection.js:157:16)"}
error: Error processant el missatge: Command insert requires authentication {"code":13,"codeName":"Unauthorized","errorLabelSet":{},"errorResponse":{"code":13,"codeName":"Unauthorized","errmsg":"Command insert requires authentication","ok":0},"ok":0,"stack":"MongoServerError: Command insert requires authentication\n    at Connection.sendCommand (C:\\Users\\HP\\Documents\\GitHub\\M6-PR3.2\\node_modules\\mongodb\\lib\\cmap\\connection.js:299:27)\n    at process.processTicksAndRejections (node:internal/process/task_queues:95:5)\n    at async Connection.command (C:\\Users\\HP\\Documents\\GitHub\\M6-PR3.2\\node_modules\\mongodb\\lib\\cmap\\connection.js:327:26)\n    at async Server.command (C:\\Users\\HP\\Documents\\GitHub\\M6-PR3.2\\node_modules\\mongodb\\lib\\sdam\\server.js:168:29)\n    at async InsertOneOperation.executeCommand (C:\\Users\\HP\\Documents\\GitHub\\M6-PR3.2\\node_modules\\mongodb\\lib\\operations\\command.js:76:16)\n    at async InsertOneOperation.execute (C:\\Users\\HP\\Documents\\GitHub\\M6-PR3.2\\node_modules\\mongodb\\lib\\operations\\insert.js:37:16)\n    at async InsertOneOperation.execute (C:\\Users\\HP\\Documents\\GitHub\\M6-PR3.2\\node_modules\\mongodb\\lib\\operations\\insert.js:46:21)\n    at async tryOperation (C:\\Users\\HP\\Documents\\GitHub\\M6-PR3.2\\node_modules\\mongodb\\lib\\operations\\execute_operation.js:207:20)\n    at async executeOperation (C:\\Users\\HP\\Documents\\GitHub\\M6-PR3.2\\node_modules\\mongodb\\lib\\operations\\execute_operation.js:75:16)\n    at async Collection.insertOne (C:\\Users\\HP\\Documents\\GitHub\\M6-PR3.2\\node_modules\\mongodb\\lib\\collection.js:157:16)"}
error: Error processant el missatge: Command insert requires authentication {"code":13,"codeName":"Unauthorized","errorLabelSet":{},"errorResponse":{"code":13,"codeName":"Unauthorized","errmsg":"Command insert requires authentication","ok":0},"ok":0,"stack":"MongoServerError: Command insert requires authentication\n    at Connection.sendCommand (C:\\Users\\HP\\Documents\\GitHub\\M6-PR3.2\\node_modules\\mongodb\\lib\\cmap\\connection.js:299:27)\n    at process.processTicksAndRejections (node:internal/process/task_queues:95:5)\n    at async Connection.command (C:\\Users\\HP\\Documents\\GitHub\\M6-PR3.2\\node_modules\\mongodb\\lib\\cmap\\connection.js:327:26)\n    at async Server.command (C:\\Users\\HP\\Documents\\GitHub\\M6-PR3.2\\node_modules\\mongodb\\lib\\sdam\\server.js:168:29)\n    at async InsertOneOperation.executeCommand (C:\\Users\\HP\\Documents\\GitHub\\M6-PR3.2\\node_modules\\mongodb\\lib\\operations\\command.js:76:16)\n    at async InsertOneOperation.execute (C:\\Users\\HP\\Documents\\GitHub\\M6-PR3.2\\node_modules\\mongodb\\lib\\operations\\insert.js:37:16)\n    at async InsertOneOperation.execute (C:\\Users\\HP\\Documents\\GitHub\\M6-PR3.2\\node_modules\\mongodb\\lib\\operations\\insert.js:46:21)\n    at async tryOperation (C:\\Users\\HP\\Documents\\GitHub\\M6-PR3.2\\node_modules\\mongodb\\lib\\operations\\execute_operation.js:207:20)\n    at async executeOperation (C:\\Users\\HP\\Documents\\GitHub\\M6-PR3.2\\node_modules\\mongodb\\lib\\operations\\execute_operation.js:75:16)\n    at async Collection.insertOne (C:\\Users\\HP\\Documents\\GitHub\\M6-PR3.2\\node_modules\\mongodb\\lib\\collection.js:157:16)"}
error: Error processant el missatge: Command insert requires authentication {"code":13,"codeName":"Unauthorized","errorLabelSet":{},"errorResponse":{"code":13,"codeName":"Unauthorized","errmsg":"Command insert requires authentication","ok":0},"ok":0,"stack":"MongoServerError: Command insert requires authentication\n    at Connection.sendCommand (C:\\Users\\HP\\Documents\\GitHub\\M6-PR3.2\\node_modules\\mongodb\\lib\\cmap\\connection.js:299:27)\n    at process.processTicksAndRejections (node:internal/process/task_queues:95:5)\n    at async Connection.command (C:\\Users\\HP\\Documents\\GitHub\\M6-PR3.2\\node_modules\\mongodb\\lib\\cmap\\connection.js:327:26)\n    at async Server.command (C:\\Users\\HP\\Documents\\GitHub\\M6-PR3.2\\node_modules\\mongodb\\lib\\sdam\\server.js:168:29)\n    at async InsertOneOperation.executeCommand (C:\\Users\\HP\\Documents\\GitHub\\M6-PR3.2\\node_modules\\mongodb\\lib\\operations\\command.js:76:16)\n    at async InsertOneOperation.execute (C:\\Users\\HP\\Documents\\GitHub\\M6-PR3.2\\node_modules\\mongodb\\lib\\operations\\insert.js:37:16)\n    at async InsertOneOperation.execute (C:\\Users\\HP\\Documents\\GitHub\\M6-PR3.2\\node_modules\\mongodb\\lib\\operations\\insert.js:46:21)\n    at async tryOperation (C:\\Users\\HP\\Documents\\GitHub\\M6-PR3.2\\node_modules\\mongodb\\lib\\operations\\execute_operation.js:207:20)\n    at async executeOperation (C:\\Users\\HP\\Documents\\GitHub\\M6-PR3.2\\node_modules\\mongodb\\lib\\operations\\execute_operation.js:75:16)\n    at async Collection.insertOne (C:\\Users\\HP\\Documents\\GitHub\\M6-PR3.2\\node_modules\\mongodb\\lib\\collection.js:157:16)"}
info: Servidor WebSocket escoltant al port 8080...
info: Connexió a MongoDB establerta.
info: Nou client connectat.
info: Moviment registrat: {"sessionId":"1746262707611","timestamp":"2025-05-03T08:58:29.400Z","x":0,"y":-1,"_id":"6815dab53a125e28446af2f0"}
info: Moviment registrat: {"sessionId":"1746262707611","timestamp":"2025-05-03T08:58:29.592Z","x":0,"y":-2,"_id":"6815dab53a125e28446af2f1"}
info: Moviment registrat: {"sessionId":"1746262707611","timestamp":"2025-05-03T08:58:29.764Z","x":0,"y":-3,"_id":"6815dab53a125e28446af2f2"}
info: Moviment registrat: {"sessionId":"1746262707611","timestamp":"2025-05-03T08:58:29.904Z","x":0,"y":-4,"_id":"6815dab53a125e28446af2f3"}
info: Partida 1746262707611 finalitzada per inactivitat.
info: Distància línia recta: 3.00
info: Moviment registrat: {"sessionId":"1746262719915","timestamp":"2025-05-03T09:02:24.198Z","x":0,"y":-5,"_id":"6815dba03a125e28446af2f4"}
info: Moviment registrat: {"sessionId":"1746262719915","timestamp":"2025-05-03T09:02:24.524Z","x":0,"y":-6,"_id":"6815dba03a125e28446af2f5"}
info: Moviment registrat: {"sessionId":"1746262719915","timestamp":"2025-05-03T09:02:28.205Z","x":0,"y":-7,"_id":"6815dba43a125e28446af2f6"}
info: Moviment registrat: {"sessionId":"1746262719915","timestamp":"2025-05-03T09:02:28.710Z","x":0,"y":-8,"_id":"6815dba43a125e28446af2f7"}
info: Moviment registrat: {"sessionId":"1746262719915","timestamp":"2025-05-03T09:02:28.742Z","x":0,"y":-9,"_id":"6815dba43a125e28446af2f8"}
info: Moviment registrat: {"sessionId":"1746262719915","timestamp":"2025-05-03T09:02:28.768Z","x":0,"y":-10,"_id":"6815dba43a125e28446af2f9"}
info: Moviment registrat: {"sessionId":"1746262719915","timestamp":"2025-05-03T09:02:28.800Z","x":0,"y":-11,"_id":"6815dba43a125e28446af2fa"}
info: Moviment registrat: {"sessionId":"1746262719915","timestamp":"2025-05-03T09:02:28.835Z","x":0,"y":-12,"_id":"6815dba43a125e28446af2fb"}
info: Moviment registrat: {"sessionId":"1746262719915","timestamp":"2025-05-03T09:02:28.858Z","x":0,"y":-13,"_id":"6815dba43a125e28446af2fc"}
info: Moviment registrat: {"sessionId":"1746262719915","timestamp":"2025-05-03T09:02:28.889Z","x":0,"y":-14,"_id":"6815dba43a125e28446af2fd"}
info: Moviment registrat: {"sessionId":"1746262719915","timestamp":"2025-05-03T09:02:28.925Z","x":0,"y":-15,"_id":"6815dba43a125e28446af2fe"}
info: Moviment registrat: {"sessionId":"1746262719915","timestamp":"2025-05-03T09:02:28.950Z","x":0,"y":-16,"_id":"6815dba43a125e28446af2ff"}
info: Moviment registrat: {"sessionId":"1746262719915","timestamp":"2025-05-03T09:02:28.987Z","x":0,"y":-17,"_id":"6815dba43a125e28446af300"}
info: Moviment registrat: {"sessionId":"1746262719915","timestamp":"2025-05-03T09:02:29.012Z","x":0,"y":-18,"_id":"6815dba53a125e28446af301"}
info: Moviment registrat: {"sessionId":"1746262719915","timestamp":"2025-05-03T09:02:29.042Z","x":0,"y":-19,"_id":"6815dba53a125e28446af302"}
info: Moviment registrat: {"sessionId":"1746262719915","timestamp":"2025-05-03T09:02:29.073Z","x":0,"y":-20,"_id":"6815dba53a125e28446af303"}
info: Moviment registrat: {"sessionId":"1746262719915","timestamp":"2025-05-03T09:02:29.103Z","x":0,"y":-21,"_id":"6815dba53a125e28446af304"}
info: Moviment registrat: {"sessionId":"1746262719915","timestamp":"2025-05-03T09:02:29.133Z","x":0,"y":-22,"_id":"6815dba53a125e28446af305"}
info: Moviment registrat: {"sessionId":"1746262719915","timestamp":"2025-05-03T09:02:29.162Z","x":0,"y":-23,"_id":"6815dba53a125e28446af306"}
info: Moviment registrat: {"sessionId":"1746262719915","timestamp":"2025-05-03T09:02:29.192Z","x":0,"y":-24,"_id":"6815dba53a125e28446af307"}
info: Moviment registrat: {"sessionId":"1746262719915","timestamp":"2025-05-03T09:02:29.226Z","x":0,"y":-25,"_id":"6815dba53a125e28446af308"}
info: Moviment registrat: {"sessionId":"1746262719915","timestamp":"2025-05-03T09:02:29.252Z","x":0,"y":-26,"_id":"6815dba53a125e28446af309"}
info: Moviment registrat: {"sessionId":"1746262719915","timestamp":"2025-05-03T09:02:29.290Z","x":0,"y":-27,"_id":"6815dba53a125e28446af30a"}
info: Moviment registrat: {"sessionId":"1746262719915","timestamp":"2025-05-03T09:02:29.315Z","x":0,"y":-28,"_id":"6815dba53a125e28446af30b"}
info: Moviment registrat: {"sessionId":"1746262719915","timestamp":"2025-05-03T09:02:29.345Z","x":0,"y":-29,"_id":"6815dba53a125e28446af30c"}
info: Moviment registrat: {"sessionId":"1746262719915","timestamp":"2025-05-03T09:02:29.375Z","x":0,"y":-30,"_id":"6815dba53a125e28446af30d"}
info: Moviment registrat: {"sessionId":"1746262719915","timestamp":"2025-05-03T09:02:29.404Z","x":0,"y":-31,"_id":"6815dba53a125e28446af30e"}
info: Moviment registrat: {"sessionId":"1746262719915","timestamp":"2025-05-03T09:02:29.437Z","x":0,"y":-32,"_id":"6815dba53a125e28446af30f"}
info: Moviment registrat: {"sessionId":"1746262719915","timestamp":"2025-05-03T09:02:29.467Z","x":0,"y":-33,"_id":"6815dba53a125e28446af310"}
info: Moviment registrat: {"sessionId":"1746262719915","timestamp":"2025-05-03T09:02:29.496Z","x":0,"y":-34,"_id":"6815dba53a125e28446af311"}
info: Moviment registrat: {"sessionId":"1746262719915","timestamp":"2025-05-03T09:02:29.531Z","x":0,"y":-35,"_id":"6815dba53a125e28446af312"}
info: Moviment registrat: {"sessionId":"1746262719915","timestamp":"2025-05-03T09:02:29.557Z","x":0,"y":-36,"_id":"6815dba53a125e28446af313"}
info: Moviment registrat: {"sessionId":"1746262719915","timestamp":"2025-05-03T09:02:29.592Z","x":0,"y":-37,"_id":"6815dba53a125e28446af314"}
info: Moviment registrat: {"sessionId":"1746262719915","timestamp":"2025-05-03T09:02:29.617Z","x":0,"y":-38,"_id":"6815dba53a125e28446af315"}
info: Moviment registrat: {"sessionId":"1746262719915","timestamp":"2025-05-03T09:02:29.646Z","x":0,"y":-39,"_id":"6815dba53a125e28446af316"}
info: Moviment registrat: {"sessionId":"1746262719915","timestamp":"2025-05-03T09:02:29.678Z","x":0,"y":-40,"_id":"6815dba53a125e28446af317"}
info: Moviment registrat: {"sessionId":"1746262719915","timestamp":"2025-05-03T09:02:29.708Z","x":0,"y":-41,"_id":"6815dba53a125e28446af318"}
info: Moviment registrat: {"sessionId":"1746262719915","timestamp":"2025-05-03T09:02:29.738Z","x":0,"y":-42,"_id":"6815dba53a125e28446af319"}
info: Moviment registrat: {"sessionId":"1746262719915","timestamp":"2025-05-03T09:02:29.770Z","x":0,"y":-43,"_id":"6815dba53a125e28446af31a"}
info: Moviment registrat: {"sessionId":"1746262719915","timestamp":"2025-05-03T09:02:29.799Z","x":0,"y":-44,"_id":"6815dba53a125e28446af31b"}
info: Moviment registrat: {"sessionId":"1746262719915","timestamp":"2025-05-03T09:02:29.833Z","x":0,"y":-45,"_id":"6815dba53a125e28446af31c"}
info: Moviment registrat: {"sessionId":"1746262719915","timestamp":"2025-05-03T09:02:29.856Z","x":0,"y":-46,"_id":"6815dba53a125e28446af31d"}
info: Moviment registrat: {"sessionId":"1746262719915","timestamp":"2025-05-03T09:02:29.894Z","x":0,"y":-47,"_id":"6815dba53a125e28446af31e"}
info: Moviment registrat: {"sessionId":"1746262719915","timestamp":"2025-05-03T09:02:29.920Z","x":0,"y":-48,"_id":"6815dba53a125e28446af31f"}
info: Moviment registrat: {"sessionId":"1746262719915","timestamp":"2025-05-03T09:02:29.950Z","x":0,"y":-49,"_id":"6815dba53a125e28446af320"}
info: Moviment registrat: {"sessionId":"1746262719915","timestamp":"2025-05-03T09:02:29.981Z","x":0,"y":-50,"_id":"6815dba53a125e28446af321"}
info: Moviment registrat: {"sessionId":"1746262719915","timestamp":"2025-05-03T09:02:30.010Z","x":0,"y":-51,"_id":"6815dba63a125e28446af322"}
info: Moviment registrat: {"sessionId":"1746262719915","timestamp":"2025-05-03T09:02:30.041Z","x":0,"y":-52,"_id":"6815dba63a125e28446af323"}
info: Moviment registrat: {"sessionId":"1746262719915","timestamp":"2025-05-03T09:02:30.072Z","x":0,"y":-53,"_id":"6815dba63a125e28446af324"}
info: Moviment registrat: {"sessionId":"1746262719915","timestamp":"2025-05-03T09:02:30.104Z","x":0,"y":-54,"_id":"6815dba63a125e28446af325"}
info: Moviment registrat: {"sessionId":"1746262719915","timestamp":"2025-05-03T09:02:30.136Z","x":0,"y":-55,"_id":"6815dba63a125e28446af326"}
info: Moviment registrat: {"sessionId":"1746262719915","timestamp":"2025-05-03T09:02:30.161Z","x":0,"y":-56,"_id":"6815dba63a125e28446af327"}
info: Moviment registrat: {"sessionId":"1746262719915","timestamp":"2025-05-03T09:02:30.197Z","x":0,"y":-57,"_id":"6815dba63a125e28446af328"}
info: Moviment registrat: {"sessionId":"1746262719915","timestamp":"2025-05-03T09:02:30.224Z","x":0,"y":-58,"_id":"6815dba63a125e28446af329"}
info: Moviment registrat: {"sessionId":"1746262719915","timestamp":"2025-05-03T09:02:30.250Z","x":0,"y":-59,"_id":"6815dba63a125e28446af32a"}
info: Moviment registrat: {"sessionId":"1746262719915","timestamp":"2025-05-03T09:02:30.281Z","x":0,"y":-60,"_id":"6815dba63a125e28446af32b"}
info: Moviment registrat: {"sessionId":"1746262719915","timestamp":"2025-05-03T09:02:30.311Z","x":0,"y":-61,"_id":"6815dba63a125e28446af32c"}
info: Moviment registrat: {"sessionId":"1746262719915","timestamp":"2025-05-03T09:02:30.341Z","x":0,"y":-62,"_id":"6815dba63a125e28446af32d"}
info: Moviment registrat: {"sessionId":"1746262719915","timestamp":"2025-05-03T09:02:30.374Z","x":0,"y":-63,"_id":"6815dba63a125e28446af32e"}
info: Moviment registrat: {"sessionId":"1746262719915","timestamp":"2025-05-03T09:02:30.404Z","x":0,"y":-64,"_id":"6815dba63a125e28446af32f"}
info: Moviment registrat: {"sessionId":"1746262719915","timestamp":"2025-05-03T09:02:30.441Z","x":0,"y":-65,"_id":"6815dba63a125e28446af330"}
info: Moviment registrat: {"sessionId":"1746262719915","timestamp":"2025-05-03T09:02:30.464Z","x":0,"y":-66,"_id":"6815dba63a125e28446af331"}
info: Moviment registrat: {"sessionId":"1746262719915","timestamp":"2025-05-03T09:02:30.499Z","x":0,"y":-67,"_id":"6815dba63a125e28446af332"}
info: Moviment registrat: {"sessionId":"1746262719915","timestamp":"2025-05-03T09:02:30.523Z","x":0,"y":-68,"_id":"6815dba63a125e28446af333"}
info: Moviment registrat: {"sessionId":"1746262719915","timestamp":"2025-05-03T09:02:30.556Z","x":0,"y":-69,"_id":"6815dba63a125e28446af334"}
info: Moviment registrat: {"sessionId":"1746262719915","timestamp":"2025-05-03T09:02:30.586Z","x":0,"y":-70,"_id":"6815dba63a125e28446af335"}
info: Moviment registrat: {"sessionId":"1746262719915","timestamp":"2025-05-03T09:02:30.616Z","x":0,"y":-71,"_id":"6815dba63a125e28446af336"}
info: Moviment registrat: {"sessionId":"1746262719915","timestamp":"2025-05-03T09:02:30.646Z","x":0,"y":-72,"_id":"6815dba63a125e28446af337"}
info: Moviment registrat: {"sessionId":"1746262719915","timestamp":"2025-05-03T09:02:30.677Z","x":0,"y":-73,"_id":"6815dba63a125e28446af338"}
info: Moviment registrat: {"sessionId":"1746262719915","timestamp":"2025-05-03T09:02:30.708Z","x":0,"y":-74,"_id":"6815dba63a125e28446af339"}
info: Moviment registrat: {"sessionId":"1746262719915","timestamp":"2025-05-03T09:02:30.742Z","x":0,"y":-75,"_id":"6815dba63a125e28446af33a"}
info: Moviment registrat: {"sessionId":"1746262719915","timestamp":"2025-05-03T09:02:30.768Z","x":0,"y":-76,"_id":"6815dba63a125e28446af33b"}
info: Moviment registrat: {"sessionId":"1746262719915","timestamp":"2025-05-03T09:02:30.803Z","x":0,"y":-77,"_id":"6815dba63a125e28446af33c"}
info: Moviment registrat: {"sessionId":"1746262719915","timestamp":"2025-05-03T09:02:30.827Z","x":0,"y":-78,"_id":"6815dba63a125e28446af33d"}
info: Moviment registrat: {"sessionId":"1746262719915","timestamp":"2025-05-03T09:02:30.857Z","x":0,"y":-79,"_id":"6815dba63a125e28446af33e"}
info: Moviment registrat: {"sessionId":"1746262719915","timestamp":"2025-05-03T09:02:30.889Z","x":0,"y":-80,"_id":"6815dba63a125e28446af33f"}
info: Moviment registrat: {"sessionId":"1746262719915","timestamp":"2025-05-03T09:02:30.920Z","x":0,"y":-81,"_id":"6815dba63a125e28446af340"}
info: Moviment registrat: {"sessionId":"1746262719915","timestamp":"2025-05-03T09:02:30.949Z","x":0,"y":-82,"_id":"6815dba63a125e28446af341"}
info: Moviment registrat: {"sessionId":"1746262719915","timestamp":"2025-05-03T09:02:30.979Z","x":0,"y":-83,"_id":"6815dba63a125e28446af342"}
info: Moviment registrat: {"sessionId":"1746262719915","timestamp":"2025-05-03T09:02:31.008Z","x":0,"y":-84,"_id":"6815dba73a125e28446af343"}
info: Moviment registrat: {"sessionId":"1746262719915","timestamp":"2025-05-03T09:02:31.044Z","x":0,"y":-85,"_id":"6815dba73a125e28446af344"}
info: Moviment registrat: {"sessionId":"1746262719915","timestamp":"2025-05-03T09:02:31.069Z","x":0,"y":-86,"_id":"6815dba73a125e28446af345"}
info: Moviment registrat: {"sessionId":"1746262719915","timestamp":"2025-05-03T09:02:31.150Z","x":0,"y":-87,"_id":"6815dba73a125e28446af346"}
info: Moviment registrat: {"sessionId":"1746262719915","timestamp":"2025-05-03T09:02:31.151Z","x":0,"y":-88,"_id":"6815dba73a125e28446af347"}
info: Moviment registrat: {"sessionId":"1746262719915","timestamp":"2025-05-03T09:02:31.166Z","x":0,"y":-89,"_id":"6815dba73a125e28446af348"}
info: Moviment registrat: {"sessionId":"1746262719915","timestamp":"2025-05-03T09:02:31.188Z","x":0,"y":-90,"_id":"6815dba73a125e28446af349"}
info: Moviment registrat: {"sessionId":"1746262719915","timestamp":"2025-05-03T09:02:31.221Z","x":0,"y":-91,"_id":"6815dba73a125e28446af34a"}
info: Moviment registrat: {"sessionId":"1746262719915","timestamp":"2025-05-03T09:02:31.251Z","x":0,"y":-92,"_id":"6815dba73a125e28446af34b"}
info: Moviment registrat: {"sessionId":"1746262719915","timestamp":"2025-05-03T09:02:31.281Z","x":0,"y":-93,"_id":"6815dba73a125e28446af34c"}
info: Moviment registrat: {"sessionId":"1746262719915","timestamp":"2025-05-03T09:02:31.311Z","x":0,"y":-94,"_id":"6815dba73a125e28446af34d"}
info: Moviment registrat: {"sessionId":"1746262719915","timestamp":"2025-05-03T09:02:31.346Z","x":0,"y":-95,"_id":"6815dba73a125e28446af34e"}
info: Moviment registrat: {"sessionId":"1746262719915","timestamp":"2025-05-03T09:02:31.375Z","x":0,"y":-96,"_id":"6815dba73a125e28446af34f"}
info: Moviment registrat: {"sessionId":"1746262719915","timestamp":"2025-05-03T09:02:31.406Z","x":0,"y":-97,"_id":"6815dba73a125e28446af350"}
info: Moviment registrat: {"sessionId":"1746262719915","timestamp":"2025-05-03T09:02:31.430Z","x":0,"y":-98,"_id":"6815dba73a125e28446af351"}
info: Moviment registrat: {"sessionId":"1746262719915","timestamp":"2025-05-03T09:02:31.460Z","x":0,"y":-99,"_id":"6815dba73a125e28446af352"}
info: Moviment registrat: {"sessionId":"1746262719915","timestamp":"2025-05-03T09:02:31.493Z","x":0,"y":-100,"_id":"6815dba73a125e28446af353"}
info: Moviment registrat: {"sessionId":"1746262719915","timestamp":"2025-05-03T09:02:31.521Z","x":0,"y":-101,"_id":"6815dba73a125e28446af354"}
info: Moviment registrat: {"sessionId":"1746262719915","timestamp":"2025-05-03T09:02:31.556Z","x":0,"y":-102,"_id":"6815dba73a125e28446af355"}
info: Moviment registrat: {"sessionId":"1746262719915","timestamp":"2025-05-03T09:02:31.584Z","x":0,"y":-103,"_id":"6815dba73a125e28446af356"}
info: Moviment registrat: {"sessionId":"1746262719915","timestamp":"2025-05-03T09:02:31.615Z","x":0,"y":-104,"_id":"6815dba73a125e28446af357"}
info: Moviment registrat: {"sessionId":"1746262719915","timestamp":"2025-05-03T09:02:31.649Z","x":0,"y":-105,"_id":"6815dba73a125e28446af358"}
info: Moviment registrat: {"sessionId":"1746262719915","timestamp":"2025-05-03T09:02:31.676Z","x":0,"y":-106,"_id":"6815dba73a125e28446af359"}
info: Moviment registrat: {"sessionId":"1746262719915","timestamp":"2025-05-03T09:02:31.713Z","x":0,"y":-107,"_id":"6815dba73a125e28446af35a"}
info: Moviment registrat: {"sessionId":"1746262719915","timestamp":"2025-05-03T09:02:31.735Z","x":0,"y":-108,"_id":"6815dba73a125e28446af35b"}
info: Moviment registrat: {"sessionId":"1746262719915","timestamp":"2025-05-03T09:02:31.766Z","x":0,"y":-109,"_id":"6815dba73a125e28446af35c"}
info: Moviment registrat: {"sessionId":"1746262719915","timestamp":"2025-05-03T09:02:31.797Z","x":0,"y":-110,"_id":"6815dba73a125e28446af35d"}
info: Moviment registrat: {"sessionId":"1746262719915","timestamp":"2025-05-03T09:02:31.824Z","x":0,"y":-111,"_id":"6815dba73a125e28446af35e"}
info: Moviment registrat: {"sessionId":"1746262719915","timestamp":"2025-05-03T09:02:31.856Z","x":0,"y":-112,"_id":"6815dba73a125e28446af35f"}
info: Moviment registrat: {"sessionId":"1746262719915","timestamp":"2025-05-03T09:02:31.885Z","x":0,"y":-113,"_id":"6815dba73a125e28446af360"}
info: Moviment registrat: {"sessionId":"1746262719915","timestamp":"2025-05-03T09:02:31.915Z","x":0,"y":-114,"_id":"6815dba73a125e28446af361"}
info: Moviment registrat: {"sessionId":"1746262719915","timestamp":"2025-05-03T09:02:31.952Z","x":0,"y":-115,"_id":"6815dba73a125e28446af362"}
info: Moviment registrat: {"sessionId":"1746262719915","timestamp":"2025-05-03T09:02:31.977Z","x":0,"y":-116,"_id":"6815dba73a125e28446af363"}
info: Moviment registrat: {"sessionId":"1746262719915","timestamp":"2025-05-03T09:02:32.013Z","x":0,"y":-117,"_id":"6815dba83a125e28446af364"}
info: Moviment registrat: {"sessionId":"1746262719915","timestamp":"2025-05-03T09:02:32.038Z","x":0,"y":-118,"_id":"6815dba83a125e28446af365"}
info: Moviment registrat: {"sessionId":"1746262719915","timestamp":"2025-05-03T09:02:32.067Z","x":0,"y":-119,"_id":"6815dba83a125e28446af366"}
info: Moviment registrat: {"sessionId":"1746262719915","timestamp":"2025-05-03T09:02:32.101Z","x":0,"y":-120,"_id":"6815dba83a125e28446af367"}
info: Moviment registrat: {"sessionId":"1746262719915","timestamp":"2025-05-03T09:02:32.132Z","x":0,"y":-121,"_id":"6815dba83a125e28446af368"}
info: Moviment registrat: {"sessionId":"1746262719915","timestamp":"2025-05-03T09:02:32.157Z","x":0,"y":-122,"_id":"6815dba83a125e28446af369"}
info: Moviment registrat: {"sessionId":"1746262719915","timestamp":"2025-05-03T09:02:32.189Z","x":0,"y":-123,"_id":"6815dba83a125e28446af36a"}
info: Moviment registrat: {"sessionId":"1746262719915","timestamp":"2025-05-03T09:02:32.220Z","x":0,"y":-124,"_id":"6815dba83a125e28446af36b"}
info: Moviment registrat: {"sessionId":"1746262719915","timestamp":"2025-05-03T09:02:32.255Z","x":0,"y":-125,"_id":"6815dba83a125e28446af36c"}
info: Moviment registrat: {"sessionId":"1746262719915","timestamp":"2025-05-03T09:02:32.280Z","x":0,"y":-126,"_id":"6815dba83a125e28446af36d"}
info: Moviment registrat: {"sessionId":"1746262719915","timestamp":"2025-05-03T09:02:32.316Z","x":0,"y":-127,"_id":"6815dba83a125e28446af36e"}
info: Moviment registrat: {"sessionId":"1746262719915","timestamp":"2025-05-03T09:02:32.341Z","x":0,"y":-128,"_id":"6815dba83a125e28446af36f"}
info: Moviment registrat: {"sessionId":"1746262719915","timestamp":"2025-05-03T09:02:32.371Z","x":0,"y":-129,"_id":"6815dba83a125e28446af370"}
info: Moviment registrat: {"sessionId":"1746262719915","timestamp":"2025-05-03T09:02:32.402Z","x":0,"y":-130,"_id":"6815dba83a125e28446af371"}
info: Moviment registrat: {"sessionId":"1746262719915","timestamp":"2025-05-03T09:02:32.430Z","x":0,"y":-131,"_id":"6815dba83a125e28446af372"}
info: Moviment registrat: {"sessionId":"1746262719915","timestamp":"2025-05-03T09:02:32.462Z","x":0,"y":-132,"_id":"6815dba83a125e28446af373"}
info: Moviment registrat: {"sessionId":"1746262719915","timestamp":"2025-05-03T09:02:32.490Z","x":0,"y":-133,"_id":"6815dba83a125e28446af374"}
info: Moviment registrat: {"sessionId":"1746262719915","timestamp":"2025-05-03T09:02:32.520Z","x":0,"y":-134,"_id":"6815dba83a125e28446af375"}
info: Moviment registrat: {"sessionId":"1746262719915","timestamp":"2025-05-03T09:02:32.554Z","x":0,"y":-135,"_id":"6815dba83a125e28446af376"}
info: Moviment registrat: {"sessionId":"1746262719915","timestamp":"2025-05-03T09:02:32.581Z","x":0,"y":-136,"_id":"6815dba83a125e28446af377"}
info: Moviment registrat: {"sessionId":"1746262719915","timestamp":"2025-05-03T09:02:32.617Z","x":0,"y":-137,"_id":"6815dba83a125e28446af378"}
info: Moviment registrat: {"sessionId":"1746262719915","timestamp":"2025-05-03T09:02:32.645Z","x":0,"y":-138,"_id":"6815dba83a125e28446af379"}
info: Moviment registrat: {"sessionId":"1746262719915","timestamp":"2025-05-03T09:02:32.675Z","x":0,"y":-139,"_id":"6815dba83a125e28446af37a"}
info: Moviment registrat: {"sessionId":"1746262719915","timestamp":"2025-05-03T09:02:32.704Z","x":0,"y":-140,"_id":"6815dba83a125e28446af37b"}
info: Moviment registrat: {"sessionId":"1746262719915","timestamp":"2025-05-03T09:02:32.734Z","x":0,"y":-141,"_id":"6815dba83a125e28446af37c"}
info: Moviment registrat: {"sessionId":"1746262719915","timestamp":"2025-05-03T09:02:32.765Z","x":0,"y":-142,"_id":"6815dba83a125e28446af37d"}
info: Moviment registrat: {"sessionId":"1746262719915","timestamp":"2025-05-03T09:02:32.794Z","x":0,"y":-143,"_id":"6815dba83a125e28446af37e"}
info: Moviment registrat: {"sessionId":"1746262719915","timestamp":"2025-05-03T09:02:32.822Z","x":0,"y":-144,"_id":"6815dba83a125e28446af37f"}
info: Moviment registrat: {"sessionId":"1746262719915","timestamp":"2025-05-03T09:02:32.861Z","x":0,"y":-145,"_id":"6815dba83a125e28446af380"}
info: Moviment registrat: {"sessionId":"1746262719915","timestamp":"2025-05-03T09:02:32.886Z","x":0,"y":-146,"_id":"6815dba83a125e28446af381"}
info: Moviment registrat: {"sessionId":"1746262719915","timestamp":"2025-05-03T09:02:32.921Z","x":0,"y":-147,"_id":"6815dba83a125e28446af382"}
info: Moviment registrat: {"sessionId":"1746262719915","timestamp":"2025-05-03T09:02:32.944Z","x":0,"y":-148,"_id":"6815dba83a125e28446af383"}
info: Moviment registrat: {"sessionId":"1746262719915","timestamp":"2025-05-03T09:02:32.977Z","x":0,"y":-149,"_id":"6815dba83a125e28446af384"}
info: Moviment registrat: {"sessionId":"1746262719915","timestamp":"2025-05-03T09:02:33.007Z","x":0,"y":-150,"_id":"6815dba93a125e28446af385"}
info: Moviment registrat: {"sessionId":"1746262719915","timestamp":"2025-05-03T09:02:33.037Z","x":0,"y":-151,"_id":"6815dba93a125e28446af386"}
info: Moviment registrat: {"sessionId":"1746262719915","timestamp":"2025-05-03T09:02:33.066Z","x":0,"y":-152,"_id":"6815dba93a125e28446af387"}
info: Moviment registrat: {"sessionId":"1746262719915","timestamp":"2025-05-03T09:02:33.097Z","x":0,"y":-153,"_id":"6815dba93a125e28446af388"}
info: Moviment registrat: {"sessionId":"1746262719915","timestamp":"2025-05-03T09:02:33.127Z","x":0,"y":-154,"_id":"6815dba93a125e28446af389"}
info: Moviment registrat: {"sessionId":"1746262719915","timestamp":"2025-05-03T09:02:33.160Z","x":0,"y":-155,"_id":"6815dba93a125e28446af38a"}
info: Moviment registrat: {"sessionId":"1746262719915","timestamp":"2025-05-03T09:02:33.188Z","x":0,"y":-156,"_id":"6815dba93a125e28446af38b"}
info: Moviment registrat: {"sessionId":"1746262719915","timestamp":"2025-05-03T09:02:33.225Z","x":0,"y":-157,"_id":"6815dba93a125e28446af38c"}
info: Moviment registrat: {"sessionId":"1746262719915","timestamp":"2025-05-03T09:02:33.249Z","x":0,"y":-158,"_id":"6815dba93a125e28446af38d"}
info: Moviment registrat: {"sessionId":"1746262719915","timestamp":"2025-05-03T09:02:33.322Z","x":0,"y":-160,"_id":"6815dba93a125e28446af38f"}
info: Moviment registrat: {"sessionId":"1746262719915","timestamp":"2025-05-03T09:02:33.322Z","x":0,"y":-159,"_id":"6815dba93a125e28446af38e"}
info: Moviment registrat: {"sessionId":"1746262719915","timestamp":"2025-05-03T09:02:33.337Z","x":0,"y":-161,"_id":"6815dba93a125e28446af390"}
info: Moviment registrat: {"sessionId":"1746262719915","timestamp":"2025-05-03T09:02:33.369Z","x":0,"y":-162,"_id":"6815dba93a125e28446af391"}
info: Moviment registrat: {"sessionId":"1746262719915","timestamp":"2025-05-03T09:02:33.400Z","x":0,"y":-163,"_id":"6815dba93a125e28446af392"}
info: Moviment registrat: {"sessionId":"1746262719915","timestamp":"2025-05-03T09:02:33.431Z","x":0,"y":-164,"_id":"6815dba93a125e28446af393"}
info: Moviment registrat: {"sessionId":"1746262719915","timestamp":"2025-05-03T09:02:33.465Z","x":0,"y":-165,"_id":"6815dba93a125e28446af394"}
info: Moviment registrat: {"sessionId":"1746262719915","timestamp":"2025-05-03T09:02:33.488Z","x":0,"y":-166,"_id":"6815dba93a125e28446af395"}
info: Moviment registrat: {"sessionId":"1746262719915","timestamp":"2025-05-03T09:02:33.527Z","x":0,"y":-167,"_id":"6815dba93a125e28446af396"}
info: Moviment registrat: {"sessionId":"1746262719915","timestamp":"2025-05-03T09:02:33.550Z","x":0,"y":-168,"_id":"6815dba93a125e28446af397"}
info: Moviment registrat: {"sessionId":"1746262719915","timestamp":"2025-05-03T09:02:33.581Z","x":0,"y":-169,"_id":"6815dba93a125e28446af398"}
info: Moviment registrat: {"sessionId":"1746262719915","timestamp":"2025-05-03T09:02:33.611Z","x":0,"y":-170,"_id":"6815dba93a125e28446af399"}
info: Moviment registrat: {"sessionId":"1746262719915","timestamp":"2025-05-03T09:02:33.657Z","x":0,"y":-171,"_id":"6815dba93a125e28446af39a"}
info: Moviment registrat: {"sessionId":"1746262719915","timestamp":"2025-05-03T09:02:33.674Z","x":0,"y":-172,"_id":"6815dba93a125e28446af39b"}
info: Moviment registrat: {"sessionId":"1746262719915","timestamp":"2025-05-03T09:02:33.699Z","x":0,"y":-173,"_id":"6815dba93a125e28446af39c"}
info: Moviment registrat: {"sessionId":"1746262719915","timestamp":"2025-05-03T09:02:33.730Z","x":0,"y":-174,"_id":"6815dba93a125e28446af39d"}
info: Moviment registrat: {"sessionId":"1746262719915","timestamp":"2025-05-03T09:02:33.767Z","x":0,"y":-175,"_id":"6815dba93a125e28446af39e"}
info: Moviment registrat: {"sessionId":"1746262719915","timestamp":"2025-05-03T09:02:33.792Z","x":0,"y":-176,"_id":"6815dba93a125e28446af39f"}
info: Moviment registrat: {"sessionId":"1746262719915","timestamp":"2025-05-03T09:02:33.825Z","x":0,"y":-177,"_id":"6815dba93a125e28446af3a0"}
info: Moviment registrat: {"sessionId":"1746262719915","timestamp":"2025-05-03T09:02:33.854Z","x":0,"y":-178,"_id":"6815dba93a125e28446af3a1"}
info: Moviment registrat: {"sessionId":"1746262719915","timestamp":"2025-05-03T09:02:33.884Z","x":0,"y":-179,"_id":"6815dba93a125e28446af3a2"}
info: Moviment registrat: {"sessionId":"1746262719915","timestamp":"2025-05-03T09:02:33.914Z","x":0,"y":-180,"_id":"6815dba93a125e28446af3a3"}
info: Moviment registrat: {"sessionId":"1746262719915","timestamp":"2025-05-03T09:02:33.945Z","x":0,"y":-181,"_id":"6815dba93a125e28446af3a4"}
info: Moviment registrat: {"sessionId":"1746262719915","timestamp":"2025-05-03T09:02:33.976Z","x":0,"y":-182,"_id":"6815dba93a125e28446af3a5"}
info: Moviment registrat: {"sessionId":"1746262719915","timestamp":"2025-05-03T09:02:34.005Z","x":0,"y":-183,"_id":"6815dbaa3a125e28446af3a6"}
info: Moviment registrat: {"sessionId":"1746262719915","timestamp":"2025-05-03T09:02:34.033Z","x":0,"y":-184,"_id":"6815dbaa3a125e28446af3a7"}
info: Moviment registrat: {"sessionId":"1746262719915","timestamp":"2025-05-03T09:02:34.070Z","x":0,"y":-185,"_id":"6815dbaa3a125e28446af3a8"}
info: Moviment registrat: {"sessionId":"1746262719915","timestamp":"2025-05-03T09:02:34.095Z","x":0,"y":-186,"_id":"6815dbaa3a125e28446af3a9"}
info: Moviment registrat: {"sessionId":"1746262719915","timestamp":"2025-05-03T09:02:34.131Z","x":0,"y":-187,"_id":"6815dbaa3a125e28446af3aa"}
info: Moviment registrat: {"sessionId":"1746262719915","timestamp":"2025-05-03T09:02:34.154Z","x":0,"y":-188,"_id":"6815dbaa3a125e28446af3ab"}
info: Moviment registrat: {"sessionId":"1746262719915","timestamp":"2025-05-03T09:02:34.187Z","x":0,"y":-189,"_id":"6815dbaa3a125e28446af3ac"}
info: Moviment registrat: {"sessionId":"1746262719915","timestamp":"2025-05-03T09:02:34.216Z","x":0,"y":-190,"_id":"6815dbaa3a125e28446af3ad"}
info: Moviment registrat: {"sessionId":"1746262719915","timestamp":"2025-05-03T09:02:34.247Z","x":0,"y":-191,"_id":"6815dbaa3a125e28446af3ae"}
info: Moviment registrat: {"sessionId":"1746262719915","timestamp":"2025-05-03T09:02:34.277Z","x":0,"y":-192,"_id":"6815dbaa3a125e28446af3af"}
info: Moviment registrat: {"sessionId":"1746262719915","timestamp":"2025-05-03T09:02:34.308Z","x":0,"y":-193,"_id":"6815dbaa3a125e28446af3b0"}
info: Moviment registrat: {"sessionId":"1746262719915","timestamp":"2025-05-03T09:02:34.338Z","x":0,"y":-194,"_id":"6815dbaa3a125e28446af3b1"}
info: Moviment registrat: {"sessionId":"1746262719915","timestamp":"2025-05-03T09:02:34.373Z","x":0,"y":-195,"_id":"6815dbaa3a125e28446af3b2"}
info: Moviment registrat: {"sessionId":"1746262719915","timestamp":"2025-05-03T09:02:34.397Z","x":0,"y":-196,"_id":"6815dbaa3a125e28446af3b3"}
info: Moviment registrat: {"sessionId":"1746262719915","timestamp":"2025-05-03T09:02:34.433Z","x":0,"y":-197,"_id":"6815dbaa3a125e28446af3b4"}
info: Moviment registrat: {"sessionId":"1746262719915","timestamp":"2025-05-03T09:02:34.459Z","x":0,"y":-198,"_id":"6815dbaa3a125e28446af3b5"}
info: Moviment registrat: {"sessionId":"1746262719915","timestamp":"2025-05-03T09:02:34.487Z","x":0,"y":-199,"_id":"6815dbaa3a125e28446af3b6"}
info: Moviment registrat: {"sessionId":"1746262719915","timestamp":"2025-05-03T09:02:34.520Z","x":0,"y":-200,"_id":"6815dbaa3a125e28446af3b7"}
info: Moviment registrat: {"sessionId":"1746262719915","timestamp":"2025-05-03T09:02:34.549Z","x":0,"y":-201,"_id":"6815dbaa3a125e28446af3b8"}
info: Moviment registrat: {"sessionId":"1746262719915","timestamp":"2025-05-03T09:02:34.580Z","x":0,"y":-202,"_id":"6815dbaa3a125e28446af3b9"}
info: Moviment registrat: {"sessionId":"1746262719915","timestamp":"2025-05-03T09:02:34.610Z","x":0,"y":-203,"_id":"6815dbaa3a125e28446af3ba"}
info: Moviment registrat: {"sessionId":"1746262719915","timestamp":"2025-05-03T09:02:34.642Z","x":0,"y":-204,"_id":"6815dbaa3a125e28446af3bb"}
info: Moviment registrat: {"sessionId":"1746262719915","timestamp":"2025-05-03T09:02:34.673Z","x":0,"y":-205,"_id":"6815dbaa3a125e28446af3bc"}
info: Moviment registrat: {"sessionId":"1746262719915","timestamp":"2025-05-03T09:02:34.699Z","x":0,"y":-206,"_id":"6815dbaa3a125e28446af3bd"}
info: Moviment registrat: {"sessionId":"1746262719915","timestamp":"2025-05-03T09:02:34.734Z","x":0,"y":-207,"_id":"6815dbaa3a125e28446af3be"}
info: Moviment registrat: {"sessionId":"1746262719915","timestamp":"2025-05-03T09:02:34.759Z","x":0,"y":-208,"_id":"6815dbaa3a125e28446af3bf"}
info: Moviment registrat: {"sessionId":"1746262719915","timestamp":"2025-05-03T09:02:34.790Z","x":0,"y":-209,"_id":"6815dbaa3a125e28446af3c0"}
info: Moviment registrat: {"sessionId":"1746262719915","timestamp":"2025-05-03T09:02:34.819Z","x":0,"y":-210,"_id":"6815dbaa3a125e28446af3c1"}
info: Moviment registrat: {"sessionId":"1746262719915","timestamp":"2025-05-03T09:02:34.851Z","x":0,"y":-211,"_id":"6815dbaa3a125e28446af3c2"}
info: Moviment registrat: {"sessionId":"1746262719915","timestamp":"2025-05-03T09:02:34.882Z","x":0,"y":-212,"_id":"6815dbaa3a125e28446af3c3"}
info: Moviment registrat: {"sessionId":"1746262719915","timestamp":"2025-05-03T09:02:34.913Z","x":0,"y":-213,"_id":"6815dbaa3a125e28446af3c4"}
info: Moviment registrat: {"sessionId":"1746262719915","timestamp":"2025-05-03T09:02:34.943Z","x":0,"y":-214,"_id":"6815dbaa3a125e28446af3c5"}
info: Moviment registrat: {"sessionId":"1746262719915","timestamp":"2025-05-03T09:02:34.977Z","x":0,"y":-215,"_id":"6815dbaa3a125e28446af3c6"}
info: Moviment registrat: {"sessionId":"1746262719915","timestamp":"2025-05-03T09:02:35.003Z","x":0,"y":-216,"_id":"6815dbab3a125e28446af3c7"}
info: Moviment registrat: {"sessionId":"1746262719915","timestamp":"2025-05-03T09:02:35.039Z","x":0,"y":-217,"_id":"6815dbab3a125e28446af3c8"}
info: Moviment registrat: {"sessionId":"1746262719915","timestamp":"2025-05-03T09:02:35.063Z","x":0,"y":-218,"_id":"6815dbab3a125e28446af3c9"}
info: Moviment registrat: {"sessionId":"1746262719915","timestamp":"2025-05-03T09:02:35.094Z","x":0,"y":-219,"_id":"6815dbab3a125e28446af3ca"}
info: Moviment registrat: {"sessionId":"1746262719915","timestamp":"2025-05-03T09:02:35.122Z","x":0,"y":-220,"_id":"6815dbab3a125e28446af3cb"}
info: Moviment registrat: {"sessionId":"1746262719915","timestamp":"2025-05-03T09:02:35.155Z","x":0,"y":-221,"_id":"6815dbab3a125e28446af3cc"}
info: Moviment registrat: {"sessionId":"1746262719915","timestamp":"2025-05-03T09:02:35.186Z","x":0,"y":-222,"_id":"6815dbab3a125e28446af3cd"}
info: Moviment registrat: {"sessionId":"1746262719915","timestamp":"2025-05-03T09:02:35.215Z","x":0,"y":-223,"_id":"6815dbab3a125e28446af3ce"}
info: Moviment registrat: {"sessionId":"1746262719915","timestamp":"2025-05-03T09:02:35.243Z","x":0,"y":-224,"_id":"6815dbab3a125e28446af3cf"}
info: Moviment registrat: {"sessionId":"1746262719915","timestamp":"2025-05-03T09:02:35.280Z","x":0,"y":-225,"_id":"6815dbab3a125e28446af3d0"}
info: Moviment registrat: {"sessionId":"1746262719915","timestamp":"2025-05-03T09:02:35.306Z","x":0,"y":-226,"_id":"6815dbab3a125e28446af3d1"}
info: Moviment registrat: {"sessionId":"1746262719915","timestamp":"2025-05-03T09:02:35.341Z","x":0,"y":-227,"_id":"6815dbab3a125e28446af3d2"}
info: Moviment registrat: {"sessionId":"1746262719915","timestamp":"2025-05-03T09:02:35.366Z","x":0,"y":-228,"_id":"6815dbab3a125e28446af3d3"}
info: Moviment registrat: {"sessionId":"1746262719915","timestamp":"2025-05-03T09:02:35.399Z","x":0,"y":-229,"_id":"6815dbab3a125e28446af3d4"}
info: Moviment registrat: {"sessionId":"1746262719915","timestamp":"2025-05-03T09:02:35.427Z","x":0,"y":-230,"_id":"6815dbab3a125e28446af3d5"}
info: Moviment registrat: {"sessionId":"1746262719915","timestamp":"2025-05-03T09:02:35.455Z","x":0,"y":-231,"_id":"6815dbab3a125e28446af3d6"}
info: Moviment registrat: {"sessionId":"1746262719915","timestamp":"2025-05-03T09:02:35.489Z","x":0,"y":-232,"_id":"6815dbab3a125e28446af3d7"}
info: Moviment registrat: {"sessionId":"1746262719915","timestamp":"2025-05-03T09:02:35.518Z","x":0,"y":-233,"_id":"6815dbab3a125e28446af3d8"}
info: Moviment registrat: {"sessionId":"1746262719915","timestamp":"2025-05-03T09:02:35.546Z","x":0,"y":-234,"_id":"6815dbab3a125e28446af3d9"}
info: Moviment registrat: {"sessionId":"1746262719915","timestamp":"2025-05-03T09:02:35.585Z","x":0,"y":-235,"_id":"6815dbab3a125e28446af3da"}
info: Moviment registrat: {"sessionId":"1746262719915","timestamp":"2025-05-03T09:02:35.608Z","x":0,"y":-236,"_id":"6815dbab3a125e28446af3db"}
info: Moviment registrat: {"sessionId":"1746262719915","timestamp":"2025-05-03T09:02:35.644Z","x":0,"y":-237,"_id":"6815dbab3a125e28446af3dc"}
info: Moviment registrat: {"sessionId":"1746262719915","timestamp":"2025-05-03T09:02:35.669Z","x":0,"y":-238,"_id":"6815dbab3a125e28446af3dd"}
info: Moviment registrat: {"sessionId":"1746262719915","timestamp":"2025-05-03T09:02:35.699Z","x":0,"y":-239,"_id":"6815dbab3a125e28446af3de"}
info: Moviment registrat: {"sessionId":"1746262719915","timestamp":"2025-05-03T09:02:35.731Z","x":0,"y":-240,"_id":"6815dbab3a125e28446af3df"}
info: Moviment registrat: {"sessionId":"1746262719915","timestamp":"2025-05-03T09:02:35.760Z","x":0,"y":-241,"_id":"6815dbab3a125e28446af3e0"}
info: Moviment registrat: {"sessionId":"1746262719915","timestamp":"2025-05-03T09:02:35.788Z","x":0,"y":-242,"_id":"6815dbab3a125e28446af3e1"}
info: Moviment registrat: {"sessionId":"1746262719915","timestamp":"2025-05-03T09:02:35.819Z","x":0,"y":-243,"_id":"6815dbab3a125e28446af3e2"}
info: Moviment registrat: {"sessionId":"1746262719915","timestamp":"2025-05-03T09:02:35.849Z","x":0,"y":-244,"_id":"6815dbab3a125e28446af3e3"}
info: Moviment registrat: {"sessionId":"1746262719915","timestamp":"2025-05-03T09:02:35.883Z","x":0,"y":-245,"_id":"6815dbab3a125e28446af3e4"}
info: Moviment registrat: {"sessionId":"1746262719915","timestamp":"2025-05-03T09:02:35.908Z","x":0,"y":-246,"_id":"6815dbab3a125e28446af3e5"}
info: Moviment registrat: {"sessionId":"1746262719915","timestamp":"2025-05-03T09:02:35.945Z","x":0,"y":-247,"_id":"6815dbab3a125e28446af3e6"}
info: Moviment registrat: {"sessionId":"1746262719915","timestamp":"2025-05-03T09:02:35.972Z","x":0,"y":-248,"_id":"6815dbab3a125e28446af3e7"}
info: Moviment registrat: {"sessionId":"1746262719915","timestamp":"2025-05-03T09:02:36.033Z","x":0,"y":-249,"_id":"6815dbac3a125e28446af3e8"}
info: Moviment registrat: {"sessionId":"1746262719915","timestamp":"2025-05-03T09:02:36.033Z","x":0,"y":-250,"_id":"6815dbac3a125e28446af3e9"}
info: Moviment registrat: {"sessionId":"1746262719915","timestamp":"2025-05-03T09:02:36.060Z","x":0,"y":-251,"_id":"6815dbac3a125e28446af3ea"}
info: Moviment registrat: {"sessionId":"1746262719915","timestamp":"2025-05-03T09:02:36.092Z","x":0,"y":-252,"_id":"6815dbac3a125e28446af3eb"}
info: Moviment registrat: {"sessionId":"1746262719915","timestamp":"2025-05-03T09:02:36.120Z","x":0,"y":-253,"_id":"6815dbac3a125e28446af3ec"}
info: Moviment registrat: {"sessionId":"1746262719915","timestamp":"2025-05-03T09:02:36.152Z","x":0,"y":-254,"_id":"6815dbac3a125e28446af3ed"}
info: Moviment registrat: {"sessionId":"1746262719915","timestamp":"2025-05-03T09:02:36.187Z","x":0,"y":-255,"_id":"6815dbac3a125e28446af3ee"}
info: Moviment registrat: {"sessionId":"1746262719915","timestamp":"2025-05-03T09:02:36.214Z","x":0,"y":-256,"_id":"6815dbac3a125e28446af3ef"}
info: Moviment registrat: {"sessionId":"1746262719915","timestamp":"2025-05-03T09:02:36.252Z","x":0,"y":-257,"_id":"6815dbac3a125e28446af3f0"}
info: Moviment registrat: {"sessionId":"1746262719915","timestamp":"2025-05-03T09:02:36.274Z","x":0,"y":-258,"_id":"6815dbac3a125e28446af3f1"}
info: Moviment registrat: {"sessionId":"1746262719915","timestamp":"2025-05-03T09:02:36.302Z","x":0,"y":-259,"_id":"6815dbac3a125e28446af3f2"}
info: Moviment registrat: {"sessionId":"1746262719915","timestamp":"2025-05-03T09:02:36.334Z","x":0,"y":-260,"_id":"6815dbac3a125e28446af3f3"}
info: Moviment registrat: {"sessionId":"1746262719915","timestamp":"2025-05-03T09:02:36.361Z","x":0,"y":-261,"_id":"6815dbac3a125e28446af3f4"}
info: Moviment registrat: {"sessionId":"1746262719915","timestamp":"2025-05-03T09:02:36.395Z","x":0,"y":-262,"_id":"6815dbac3a125e28446af3f5"}
info: Moviment registrat: {"sessionId":"1746262719915","timestamp":"2025-05-03T09:02:36.425Z","x":0,"y":-263,"_id":"6815dbac3a125e28446af3f6"}
info: Moviment registrat: {"sessionId":"1746262719915","timestamp":"2025-05-03T09:02:36.453Z","x":0,"y":-264,"_id":"6815dbac3a125e28446af3f7"}
info: Moviment registrat: {"sessionId":"1746262719915","timestamp":"2025-05-03T09:02:36.491Z","x":0,"y":-265,"_id":"6815dbac3a125e28446af3f8"}
info: Moviment registrat: {"sessionId":"1746262719915","timestamp":"2025-05-03T09:02:36.516Z","x":0,"y":-266,"_id":"6815dbac3a125e28446af3f9"}
info: Moviment registrat: {"sessionId":"1746262719915","timestamp":"2025-05-03T09:02:36.551Z","x":0,"y":-267,"_id":"6815dbac3a125e28446af3fa"}
info: Moviment registrat: {"sessionId":"1746262719915","timestamp":"2025-05-03T09:02:36.577Z","x":0,"y":-268,"_id":"6815dbac3a125e28446af3fb"}
info: Moviment registrat: {"sessionId":"1746262719915","timestamp":"2025-05-03T09:02:36.609Z","x":0,"y":-269,"_id":"6815dbac3a125e28446af3fc"}
info: Moviment registrat: {"sessionId":"1746262719915","timestamp":"2025-05-03T09:02:36.637Z","x":0,"y":-270,"_id":"6815dbac3a125e28446af3fd"}
info: Moviment registrat: {"sessionId":"1746262719915","timestamp":"2025-05-03T09:02:36.667Z","x":0,"y":-271,"_id":"6815dbac3a125e28446af3fe"}
info: Moviment registrat: {"sessionId":"1746262719915","timestamp":"2025-05-03T09:02:36.697Z","x":0,"y":-272,"_id":"6815dbac3a125e28446af3ff"}
info: Moviment registrat: {"sessionId":"1746262719915","timestamp":"2025-05-03T09:02:36.728Z","x":0,"y":-273,"_id":"6815dbac3a125e28446af400"}
info: Moviment registrat: {"sessionId":"1746262719915","timestamp":"2025-05-03T09:02:36.759Z","x":0,"y":-274,"_id":"6815dbac3a125e28446af401"}
info: Moviment registrat: {"sessionId":"1746262719915","timestamp":"2025-05-03T09:02:36.790Z","x":0,"y":-275,"_id":"6815dbac3a125e28446af402"}
info: Moviment registrat: {"sessionId":"1746262719915","timestamp":"2025-05-03T09:02:36.818Z","x":0,"y":-276,"_id":"6815dbac3a125e28446af403"}
info: Moviment registrat: {"sessionId":"1746262719915","timestamp":"2025-05-03T09:02:36.855Z","x":0,"y":-277,"_id":"6815dbac3a125e28446af404"}
info: Moviment registrat: {"sessionId":"1746262719915","timestamp":"2025-05-03T09:02:36.879Z","x":0,"y":-278,"_id":"6815dbac3a125e28446af405"}
info: Moviment registrat: {"sessionId":"1746262719915","timestamp":"2025-05-03T09:02:36.910Z","x":0,"y":-279,"_id":"6815dbac3a125e28446af406"}
info: Moviment registrat: {"sessionId":"1746262719915","timestamp":"2025-05-03T09:02:36.939Z","x":0,"y":-280,"_id":"6815dbac3a125e28446af407"}
info: Moviment registrat: {"sessionId":"1746262719915","timestamp":"2025-05-03T09:02:36.968Z","x":0,"y":-281,"_id":"6815dbac3a125e28446af408"}
info: Moviment registrat: {"sessionId":"1746262719915","timestamp":"2025-05-03T09:02:36.999Z","x":0,"y":-282,"_id":"6815dbac3a125e28446af409"}
info: Moviment registrat: {"sessionId":"1746262719915","timestamp":"2025-05-03T09:02:37.028Z","x":0,"y":-283,"_id":"6815dbad3a125e28446af40a"}
info: Moviment registrat: {"sessionId":"1746262719915","timestamp":"2025-05-03T09:02:37.059Z","x":0,"y":-284,"_id":"6815dbad3a125e28446af40b"}
info: Moviment registrat: {"sessionId":"1746262719915","timestamp":"2025-05-03T09:02:37.096Z","x":0,"y":-285,"_id":"6815dbad3a125e28446af40c"}
info: Moviment registrat: {"sessionId":"1746262719915","timestamp":"2025-05-03T09:02:37.121Z","x":0,"y":-286,"_id":"6815dbad3a125e28446af40d"}
info: Moviment registrat: {"sessionId":"1746262719915","timestamp":"2025-05-03T09:02:37.157Z","x":0,"y":-287,"_id":"6815dbad3a125e28446af40e"}
info: Moviment registrat: {"sessionId":"1746262719915","timestamp":"2025-05-03T09:02:37.182Z","x":0,"y":-288,"_id":"6815dbad3a125e28446af40f"}
info: Moviment registrat: {"sessionId":"1746262719915","timestamp":"2025-05-03T09:02:37.212Z","x":0,"y":-289,"_id":"6815dbad3a125e28446af410"}
info: Moviment registrat: {"sessionId":"1746262719915","timestamp":"2025-05-03T09:02:37.243Z","x":0,"y":-290,"_id":"6815dbad3a125e28446af411"}
info: Moviment registrat: {"sessionId":"1746262719915","timestamp":"2025-05-03T09:02:37.274Z","x":0,"y":-291,"_id":"6815dbad3a125e28446af412"}
info: Moviment registrat: {"sessionId":"1746262719915","timestamp":"2025-05-03T09:02:37.303Z","x":0,"y":-292,"_id":"6815dbad3a125e28446af413"}
info: Moviment registrat: {"sessionId":"1746262719915","timestamp":"2025-05-03T09:02:37.333Z","x":0,"y":-293,"_id":"6815dbad3a125e28446af414"}
info: Moviment registrat: {"sessionId":"1746262719915","timestamp":"2025-05-03T09:02:37.361Z","x":0,"y":-294,"_id":"6815dbad3a125e28446af415"}
info: Moviment registrat: {"sessionId":"1746262719915","timestamp":"2025-05-03T09:02:37.398Z","x":0,"y":-295,"_id":"6815dbad3a125e28446af416"}
info: Moviment registrat: {"sessionId":"1746262719915","timestamp":"2025-05-03T09:02:37.424Z","x":0,"y":-296,"_id":"6815dbad3a125e28446af417"}
info: Moviment registrat: {"sessionId":"1746262719915","timestamp":"2025-05-03T09:02:37.457Z","x":0,"y":-297,"_id":"6815dbad3a125e28446af418"}
info: Moviment registrat: {"sessionId":"1746262719915","timestamp":"2025-05-03T09:02:37.482Z","x":0,"y":-298,"_id":"6815dbad3a125e28446af419"}
info: Moviment registrat: {"sessionId":"1746262719915","timestamp":"2025-05-03T09:02:37.515Z","x":0,"y":-299,"_id":"6815dbad3a125e28446af41a"}
info: Moviment registrat: {"sessionId":"1746262719915","timestamp":"2025-05-03T09:02:37.545Z","x":0,"y":-300,"_id":"6815dbad3a125e28446af41b"}
info: Moviment registrat: {"sessionId":"1746262719915","timestamp":"2025-05-03T09:02:37.576Z","x":0,"y":-301,"_id":"6815dbad3a125e28446af41c"}
info: Moviment registrat: {"sessionId":"1746262719915","timestamp":"2025-05-03T09:02:37.606Z","x":0,"y":-302,"_id":"6815dbad3a125e28446af41d"}
info: Moviment registrat: {"sessionId":"1746262719915","timestamp":"2025-05-03T09:02:37.635Z","x":0,"y":-303,"_id":"6815dbad3a125e28446af41e"}
info: Moviment registrat: {"sessionId":"1746262719915","timestamp":"2025-05-03T09:02:37.665Z","x":0,"y":-304,"_id":"6815dbad3a125e28446af41f"}
info: Moviment registrat: {"sessionId":"1746262719915","timestamp":"2025-05-03T09:02:37.701Z","x":0,"y":-305,"_id":"6815dbad3a125e28446af420"}
info: Moviment registrat: {"sessionId":"1746262719915","timestamp":"2025-05-03T09:02:37.727Z","x":0,"y":-306,"_id":"6815dbad3a125e28446af421"}
info: Moviment registrat: {"sessionId":"1746262719915","timestamp":"2025-05-03T09:02:37.764Z","x":0,"y":-307,"_id":"6815dbad3a125e28446af422"}
info: Moviment registrat: {"sessionId":"1746262719915","timestamp":"2025-05-03T09:02:37.785Z","x":0,"y":-308,"_id":"6815dbad3a125e28446af423"}
info: Moviment registrat: {"sessionId":"1746262719915","timestamp":"2025-05-03T09:02:37.818Z","x":0,"y":-309,"_id":"6815dbad3a125e28446af424"}
info: Moviment registrat: {"sessionId":"1746262719915","timestamp":"2025-05-03T09:02:37.848Z","x":0,"y":-310,"_id":"6815dbad3a125e28446af425"}
info: Moviment registrat: {"sessionId":"1746262719915","timestamp":"2025-05-03T09:02:37.877Z","x":0,"y":-311,"_id":"6815dbad3a125e28446af426"}
info: Moviment registrat: {"sessionId":"1746262719915","timestamp":"2025-05-03T09:02:37.909Z","x":0,"y":-312,"_id":"6815dbad3a125e28446af427"}
info: Moviment registrat: {"sessionId":"1746262719915","timestamp":"2025-05-03T09:02:37.938Z","x":0,"y":-313,"_id":"6815dbad3a125e28446af428"}
info: Moviment registrat: {"sessionId":"1746262719915","timestamp":"2025-05-03T09:02:37.968Z","x":0,"y":-314,"_id":"6815dbad3a125e28446af429"}
info: Moviment registrat: {"sessionId":"1746262719915","timestamp":"2025-05-03T09:02:38.004Z","x":0,"y":-315,"_id":"6815dbae3a125e28446af42a"}
info: Moviment registrat: {"sessionId":"1746262719915","timestamp":"2025-05-03T09:02:38.029Z","x":0,"y":-316,"_id":"6815dbae3a125e28446af42b"}
info: Moviment registrat: {"sessionId":"1746262719915","timestamp":"2025-05-03T09:02:38.062Z","x":0,"y":-317,"_id":"6815dbae3a125e28446af42c"}
info: Moviment registrat: {"sessionId":"1746262719915","timestamp":"2025-05-03T09:02:38.088Z","x":0,"y":-318,"_id":"6815dbae3a125e28446af42d"}
info: Moviment registrat: {"sessionId":"1746262719915","timestamp":"2025-05-03T09:02:38.118Z","x":0,"y":-319,"_id":"6815dbae3a125e28446af42e"}
info: Moviment registrat: {"sessionId":"1746262719915","timestamp":"2025-05-03T09:02:38.148Z","x":0,"y":-320,"_id":"6815dbae3a125e28446af42f"}
info: Moviment registrat: {"sessionId":"1746262719915","timestamp":"2025-05-03T09:02:38.180Z","x":0,"y":-321,"_id":"6815dbae3a125e28446af430"}
info: Moviment registrat: {"sessionId":"1746262719915","timestamp":"2025-05-03T09:02:38.211Z","x":0,"y":-322,"_id":"6815dbae3a125e28446af431"}
info: Moviment registrat: {"sessionId":"1746262719915","timestamp":"2025-05-03T09:02:38.242Z","x":0,"y":-323,"_id":"6815dbae3a125e28446af432"}
info: Moviment registrat: {"sessionId":"1746262719915","timestamp":"2025-05-03T09:02:38.273Z","x":0,"y":-324,"_id":"6815dbae3a125e28446af433"}
info: Moviment registrat: {"sessionId":"1746262719915","timestamp":"2025-05-03T09:02:38.307Z","x":0,"y":-325,"_id":"6815dbae3a125e28446af434"}
info: Moviment registrat: {"sessionId":"1746262719915","timestamp":"2025-05-03T09:02:38.331Z","x":0,"y":-326,"_id":"6815dbae3a125e28446af435"}
info: Moviment registrat: {"sessionId":"1746262719915","timestamp":"2025-05-03T09:02:38.364Z","x":0,"y":-327,"_id":"6815dbae3a125e28446af436"}
info: Moviment registrat: {"sessionId":"1746262719915","timestamp":"2025-05-03T09:02:38.411Z","x":0,"y":-328,"_id":"6815dbae3a125e28446af437"}
info: Moviment registrat: {"sessionId":"1746262719915","timestamp":"2025-05-03T09:02:38.424Z","x":0,"y":-329,"_id":"6815dbae3a125e28446af438"}
info: Moviment registrat: {"sessionId":"1746262719915","timestamp":"2025-05-03T09:02:38.452Z","x":0,"y":-330,"_id":"6815dbae3a125e28446af439"}
info: Moviment registrat: {"sessionId":"1746262719915","timestamp":"2025-05-03T09:02:38.484Z","x":0,"y":-331,"_id":"6815dbae3a125e28446af43a"}
info: Moviment registrat: {"sessionId":"1746262719915","timestamp":"2025-05-03T09:02:38.513Z","x":0,"y":-332,"_id":"6815dbae3a125e28446af43b"}
info: Moviment registrat: {"sessionId":"1746262719915","timestamp":"2025-05-03T09:02:38.543Z","x":0,"y":-333,"_id":"6815dbae3a125e28446af43c"}
info: Moviment registrat: {"sessionId":"1746262719915","timestamp":"2025-05-03T09:02:38.574Z","x":0,"y":-334,"_id":"6815dbae3a125e28446af43d"}
info: Moviment registrat: {"sessionId":"1746262719915","timestamp":"2025-05-03T09:02:38.607Z","x":0,"y":-335,"_id":"6815dbae3a125e28446af43e"}
info: Moviment registrat: {"sessionId":"1746262719915","timestamp":"2025-05-03T09:02:38.632Z","x":0,"y":-336,"_id":"6815dbae3a125e28446af43f"}
info: Moviment registrat: {"sessionId":"1746262719915","timestamp":"2025-05-03T09:02:38.667Z","x":0,"y":-337,"_id":"6815dbae3a125e28446af440"}
info: Moviment registrat: {"sessionId":"1746262719915","timestamp":"2025-05-03T09:02:38.693Z","x":0,"y":-338,"_id":"6815dbae3a125e28446af441"}
info: Moviment registrat: {"sessionId":"1746262719915","timestamp":"2025-05-03T09:02:38.723Z","x":0,"y":-339,"_id":"6815dbae3a125e28446af442"}
info: Moviment registrat: {"sessionId":"1746262719915","timestamp":"2025-05-03T09:02:38.753Z","x":0,"y":-340,"_id":"6815dbae3a125e28446af443"}
info: Moviment registrat: {"sessionId":"1746262719915","timestamp":"2025-05-03T09:02:38.784Z","x":0,"y":-341,"_id":"6815dbae3a125e28446af444"}
info: Moviment registrat: {"sessionId":"1746262719915","timestamp":"2025-05-03T09:02:38.815Z","x":0,"y":-342,"_id":"6815dbae3a125e28446af445"}
info: Moviment registrat: {"sessionId":"1746262719915","timestamp":"2025-05-03T09:02:38.847Z","x":0,"y":-343,"_id":"6815dbae3a125e28446af446"}
info: Moviment registrat: {"sessionId":"1746262719915","timestamp":"2025-05-03T09:02:38.874Z","x":0,"y":-344,"_id":"6815dbae3a125e28446af447"}
info: Moviment registrat: {"sessionId":"1746262719915","timestamp":"2025-05-03T09:02:38.909Z","x":0,"y":-345,"_id":"6815dbae3a125e28446af448"}
info: Moviment registrat: {"sessionId":"1746262719915","timestamp":"2025-05-03T09:02:38.935Z","x":0,"y":-346,"_id":"6815dbae3a125e28446af449"}
info: Moviment registrat: {"sessionId":"1746262719915","timestamp":"2025-05-03T09:02:38.972Z","x":0,"y":-347,"_id":"6815dbae3a125e28446af44a"}
info: Moviment registrat: {"sessionId":"1746262719915","timestamp":"2025-05-03T09:02:38.999Z","x":0,"y":-348,"_id":"6815dbae3a125e28446af44b"}
info: Moviment registrat: {"sessionId":"1746262719915","timestamp":"2025-05-03T09:02:39.028Z","x":0,"y":-349,"_id":"6815dbaf3a125e28446af44c"}
info: Moviment registrat: {"sessionId":"1746262719915","timestamp":"2025-05-03T09:02:39.060Z","x":0,"y":-350,"_id":"6815dbaf3a125e28446af44d"}
info: Moviment registrat: {"sessionId":"1746262719915","timestamp":"2025-05-03T09:02:39.086Z","x":0,"y":-351,"_id":"6815dbaf3a125e28446af44e"}
info: Moviment registrat: {"sessionId":"1746262719915","timestamp":"2025-05-03T09:02:39.119Z","x":0,"y":-352,"_id":"6815dbaf3a125e28446af44f"}
info: Moviment registrat: {"sessionId":"1746262719915","timestamp":"2025-05-03T09:02:39.149Z","x":0,"y":-353,"_id":"6815dbaf3a125e28446af450"}
info: Moviment registrat: {"sessionId":"1746262719915","timestamp":"2025-05-03T09:02:39.177Z","x":0,"y":-354,"_id":"6815dbaf3a125e28446af451"}
info: Moviment registrat: {"sessionId":"1746262719915","timestamp":"2025-05-03T09:02:39.212Z","x":0,"y":-355,"_id":"6815dbaf3a125e28446af452"}
info: Moviment registrat: {"sessionId":"1746262719915","timestamp":"2025-05-03T09:02:39.237Z","x":0,"y":-356,"_id":"6815dbaf3a125e28446af453"}
info: Moviment registrat: {"sessionId":"1746262719915","timestamp":"2025-05-03T09:02:39.275Z","x":0,"y":-357,"_id":"6815dbaf3a125e28446af454"}
info: Moviment registrat: {"sessionId":"1746262719915","timestamp":"2025-05-03T09:02:39.298Z","x":0,"y":-358,"_id":"6815dbaf3a125e28446af455"}
info: Moviment registrat: {"sessionId":"1746262719915","timestamp":"2025-05-03T09:02:39.331Z","x":0,"y":-359,"_id":"6815dbaf3a125e28446af456"}
info: Moviment registrat: {"sessionId":"1746262719915","timestamp":"2025-05-03T09:02:39.360Z","x":0,"y":-360,"_id":"6815dbaf3a125e28446af457"}
info: Moviment registrat: {"sessionId":"1746262719915","timestamp":"2025-05-03T09:02:39.393Z","x":0,"y":-361,"_id":"6815dbaf3a125e28446af458"}
info: Moviment registrat: {"sessionId":"1746262719915","timestamp":"2025-05-03T09:02:39.419Z","x":0,"y":-362,"_id":"6815dbaf3a125e28446af459"}
info: Moviment registrat: {"sessionId":"1746262719915","timestamp":"2025-05-03T09:02:39.451Z","x":0,"y":-363,"_id":"6815dbaf3a125e28446af45a"}
info: Moviment registrat: {"sessionId":"1746262719915","timestamp":"2025-05-03T09:02:39.482Z","x":0,"y":-364,"_id":"6815dbaf3a125e28446af45b"}
info: Moviment registrat: {"sessionId":"1746262719915","timestamp":"2025-05-03T09:02:39.517Z","x":0,"y":-365,"_id":"6815dbaf3a125e28446af45c"}
info: Moviment registrat: {"sessionId":"1746262719915","timestamp":"2025-05-03T09:02:39.540Z","x":0,"y":-366,"_id":"6815dbaf3a125e28446af45d"}
info: Moviment registrat: {"sessionId":"1746262719915","timestamp":"2025-05-03T09:02:39.578Z","x":0,"y":-367,"_id":"6815dbaf3a125e28446af45e"}
info: Moviment registrat: {"sessionId":"1746262719915","timestamp":"2025-05-03T09:02:39.605Z","x":0,"y":-368,"_id":"6815dbaf3a125e28446af45f"}
info: Moviment registrat: {"sessionId":"1746262719915","timestamp":"2025-05-03T09:02:39.633Z","x":0,"y":-369,"_id":"6815dbaf3a125e28446af460"}
info: Moviment registrat: {"sessionId":"1746262719915","timestamp":"2025-05-03T09:02:39.662Z","x":0,"y":-370,"_id":"6815dbaf3a125e28446af461"}
info: Moviment registrat: {"sessionId":"1746262719915","timestamp":"2025-05-03T09:02:39.694Z","x":0,"y":-371,"_id":"6815dbaf3a125e28446af462"}
info: Moviment registrat: {"sessionId":"1746262719915","timestamp":"2025-05-03T09:02:39.725Z","x":0,"y":-372,"_id":"6815dbaf3a125e28446af463"}
info: Moviment registrat: {"sessionId":"1746262719915","timestamp":"2025-05-03T09:02:39.752Z","x":0,"y":-373,"_id":"6815dbaf3a125e28446af464"}
info: Moviment registrat: {"sessionId":"1746262719915","timestamp":"2025-05-03T09:02:39.785Z","x":0,"y":-374,"_id":"6815dbaf3a125e28446af465"}
info: Moviment registrat: {"sessionId":"1746262719915","timestamp":"2025-05-03T09:02:39.820Z","x":0,"y":-375,"_id":"6815dbaf3a125e28446af466"}
info: Moviment registrat: {"sessionId":"1746262719915","timestamp":"2025-05-03T09:02:39.845Z","x":0,"y":-376,"_id":"6815dbaf3a125e28446af467"}
info: Moviment registrat: {"sessionId":"1746262719915","timestamp":"2025-05-03T09:02:39.879Z","x":0,"y":-377,"_id":"6815dbaf3a125e28446af468"}
info: Moviment registrat: {"sessionId":"1746262719915","timestamp":"2025-05-03T09:02:39.906Z","x":0,"y":-378,"_id":"6815dbaf3a125e28446af469"}
info: Moviment registrat: {"sessionId":"1746262719915","timestamp":"2025-05-03T09:02:39.934Z","x":0,"y":-379,"_id":"6815dbaf3a125e28446af46a"}
info: Moviment registrat: {"sessionId":"1746262719915","timestamp":"2025-05-03T09:02:39.964Z","x":0,"y":-380,"_id":"6815dbaf3a125e28446af46b"}
info: Moviment registrat: {"sessionId":"1746262719915","timestamp":"2025-05-03T09:02:39.997Z","x":0,"y":-381,"_id":"6815dbaf3a125e28446af46c"}
info: Moviment registrat: {"sessionId":"1746262719915","timestamp":"2025-05-03T09:02:40.025Z","x":0,"y":-382,"_id":"6815dbb03a125e28446af46d"}
info: Moviment registrat: {"sessionId":"1746262719915","timestamp":"2025-05-03T09:02:40.057Z","x":0,"y":-383,"_id":"6815dbb03a125e28446af46e"}
info: Moviment registrat: {"sessionId":"1746262719915","timestamp":"2025-05-03T09:02:40.084Z","x":0,"y":-384,"_id":"6815dbb03a125e28446af46f"}
info: Moviment registrat: {"sessionId":"1746262719915","timestamp":"2025-05-03T09:02:40.122Z","x":0,"y":-385,"_id":"6815dbb03a125e28446af470"}
info: Moviment registrat: {"sessionId":"1746262719915","timestamp":"2025-05-03T09:02:40.148Z","x":0,"y":-386,"_id":"6815dbb03a125e28446af471"}
info: Moviment registrat: {"sessionId":"1746262719915","timestamp":"2025-05-03T09:02:40.182Z","x":0,"y":-387,"_id":"6815dbb03a125e28446af472"}
info: Moviment registrat: {"sessionId":"1746262719915","timestamp":"2025-05-03T09:02:40.208Z","x":0,"y":-388,"_id":"6815dbb03a125e28446af473"}
info: Moviment registrat: {"sessionId":"1746262719915","timestamp":"2025-05-03T09:02:40.235Z","x":0,"y":-389,"_id":"6815dbb03a125e28446af474"}
info: Moviment registrat: {"sessionId":"1746262719915","timestamp":"2025-05-03T09:02:40.271Z","x":0,"y":-390,"_id":"6815dbb03a125e28446af475"}
info: Moviment registrat: {"sessionId":"1746262719915","timestamp":"2025-05-03T09:02:40.296Z","x":0,"y":-391,"_id":"6815dbb03a125e28446af476"}
info: Moviment registrat: {"sessionId":"1746262719915","timestamp":"2025-05-03T09:02:40.327Z","x":0,"y":-392,"_id":"6815dbb03a125e28446af477"}
info: Moviment registrat: {"sessionId":"1746262719915","timestamp":"2025-05-03T09:02:40.357Z","x":0,"y":-393,"_id":"6815dbb03a125e28446af478"}
info: Moviment registrat: {"sessionId":"1746262719915","timestamp":"2025-05-03T09:02:40.387Z","x":0,"y":-394,"_id":"6815dbb03a125e28446af479"}
info: Moviment registrat: {"sessionId":"1746262719915","timestamp":"2025-05-03T09:02:40.423Z","x":0,"y":-395,"_id":"6815dbb03a125e28446af47a"}
info: Moviment registrat: {"sessionId":"1746262719915","timestamp":"2025-05-03T09:02:40.450Z","x":0,"y":-396,"_id":"6815dbb03a125e28446af47b"}
info: Moviment registrat: {"sessionId":"1746262719915","timestamp":"2025-05-03T09:02:40.484Z","x":0,"y":-397,"_id":"6815dbb03a125e28446af47c"}
info: Moviment registrat: {"sessionId":"1746262719915","timestamp":"2025-05-03T09:02:40.510Z","x":0,"y":-398,"_id":"6815dbb03a125e28446af47d"}
info: Moviment registrat: {"sessionId":"1746262719915","timestamp":"2025-05-03T09:02:40.542Z","x":0,"y":-399,"_id":"6815dbb03a125e28446af47e"}
info: Moviment registrat: {"sessionId":"1746262719915","timestamp":"2025-05-03T09:02:40.572Z","x":0,"y":-400,"_id":"6815dbb03a125e28446af47f"}
info: Moviment registrat: {"sessionId":"1746262719915","timestamp":"2025-05-03T09:02:40.602Z","x":0,"y":-401,"_id":"6815dbb03a125e28446af480"}
info: Moviment registrat: {"sessionId":"1746262719915","timestamp":"2025-05-03T09:02:40.632Z","x":0,"y":-402,"_id":"6815dbb03a125e28446af481"}
info: Moviment registrat: {"sessionId":"1746262719915","timestamp":"2025-05-03T09:02:40.663Z","x":0,"y":-403,"_id":"6815dbb03a125e28446af482"}
info: Moviment registrat: {"sessionId":"1746262719915","timestamp":"2025-05-03T09:02:40.692Z","x":0,"y":-404,"_id":"6815dbb03a125e28446af483"}
info: Moviment registrat: {"sessionId":"1746262719915","timestamp":"2025-05-03T09:02:40.724Z","x":0,"y":-405,"_id":"6815dbb03a125e28446af484"}
info: Moviment registrat: {"sessionId":"1746262719915","timestamp":"2025-05-03T09:02:40.753Z","x":0,"y":-406,"_id":"6815dbb03a125e28446af485"}
info: Moviment registrat: {"sessionId":"1746262719915","timestamp":"2025-05-03T09:02:40.817Z","x":0,"y":-408,"_id":"6815dbb03a125e28446af487"}
info: Moviment registrat: {"sessionId":"1746262719915","timestamp":"2025-05-03T09:02:40.817Z","x":0,"y":-407,"_id":"6815dbb03a125e28446af486"}
info: Moviment registrat: {"sessionId":"1746262719915","timestamp":"2025-05-03T09:02:40.842Z","x":0,"y":-409,"_id":"6815dbb03a125e28446af488"}
info: Moviment registrat: {"sessionId":"1746262719915","timestamp":"2025-05-03T09:02:40.874Z","x":0,"y":-410,"_id":"6815dbb03a125e28446af489"}
info: Moviment registrat: {"sessionId":"1746262719915","timestamp":"2025-05-03T09:02:40.904Z","x":0,"y":-411,"_id":"6815dbb03a125e28446af48a"}
info: Moviment registrat: {"sessionId":"1746262719915","timestamp":"2025-05-03T09:02:40.936Z","x":0,"y":-412,"_id":"6815dbb03a125e28446af48b"}
info: Moviment registrat: {"sessionId":"1746262719915","timestamp":"2025-05-03T09:02:40.964Z","x":0,"y":-413,"_id":"6815dbb03a125e28446af48c"}
info: Moviment registrat: {"sessionId":"1746262719915","timestamp":"2025-05-03T09:02:40.995Z","x":0,"y":-414,"_id":"6815dbb03a125e28446af48d"}
info: Moviment registrat: {"sessionId":"1746262719915","timestamp":"2025-05-03T09:02:41.030Z","x":0,"y":-415,"_id":"6815dbb13a125e28446af48e"}
info: Moviment registrat: {"sessionId":"1746262719915","timestamp":"2025-05-03T09:02:41.053Z","x":0,"y":-416,"_id":"6815dbb13a125e28446af48f"}
info: Moviment registrat: {"sessionId":"1746262719915","timestamp":"2025-05-03T09:02:41.090Z","x":0,"y":-417,"_id":"6815dbb13a125e28446af490"}
info: Moviment registrat: {"sessionId":"1746262719915","timestamp":"2025-05-03T09:02:41.116Z","x":0,"y":-418,"_id":"6815dbb13a125e28446af491"}
info: Moviment registrat: {"sessionId":"1746262719915","timestamp":"2025-05-03T09:02:41.147Z","x":0,"y":-419,"_id":"6815dbb13a125e28446af492"}
info: Moviment registrat: {"sessionId":"1746262719915","timestamp":"2025-05-03T09:02:41.176Z","x":0,"y":-420,"_id":"6815dbb13a125e28446af493"}
info: Moviment registrat: {"sessionId":"1746262719915","timestamp":"2025-05-03T09:02:41.206Z","x":0,"y":-421,"_id":"6815dbb13a125e28446af494"}
info: Moviment registrat: {"sessionId":"1746262719915","timestamp":"2025-05-03T09:02:41.237Z","x":0,"y":-422,"_id":"6815dbb13a125e28446af495"}
info: Moviment registrat: {"sessionId":"1746262719915","timestamp":"2025-05-03T09:02:41.268Z","x":0,"y":-423,"_id":"6815dbb13a125e28446af496"}
info: Moviment registrat: {"sessionId":"1746262719915","timestamp":"2025-05-03T09:02:41.296Z","x":0,"y":-424,"_id":"6815dbb13a125e28446af497"}
info: Moviment registrat: {"sessionId":"1746262719915","timestamp":"2025-05-03T09:02:41.333Z","x":0,"y":-425,"_id":"6815dbb13a125e28446af498"}
info: Moviment registrat: {"sessionId":"1746262719915","timestamp":"2025-05-03T09:02:41.356Z","x":0,"y":-426,"_id":"6815dbb13a125e28446af499"}
info: Moviment registrat: {"sessionId":"1746262719915","timestamp":"2025-05-03T09:02:41.392Z","x":0,"y":-427,"_id":"6815dbb13a125e28446af49a"}
info: Moviment registrat: {"sessionId":"1746262719915","timestamp":"2025-05-03T09:02:41.416Z","x":0,"y":-428,"_id":"6815dbb13a125e28446af49b"}
info: Moviment registrat: {"sessionId":"1746262719915","timestamp":"2025-05-03T09:02:41.446Z","x":0,"y":-429,"_id":"6815dbb13a125e28446af49c"}
info: Moviment registrat: {"sessionId":"1746262719915","timestamp":"2025-05-03T09:02:41.476Z","x":0,"y":-430,"_id":"6815dbb13a125e28446af49d"}
info: Moviment registrat: {"sessionId":"1746262719915","timestamp":"2025-05-03T09:02:41.506Z","x":0,"y":-431,"_id":"6815dbb13a125e28446af49e"}
info: Moviment registrat: {"sessionId":"1746262719915","timestamp":"2025-05-03T09:02:41.541Z","x":0,"y":-432,"_id":"6815dbb13a125e28446af49f"}
info: Moviment registrat: {"sessionId":"1746262719915","timestamp":"2025-05-03T09:02:41.570Z","x":0,"y":-433,"_id":"6815dbb13a125e28446af4a0"}
info: Moviment registrat: {"sessionId":"1746262719915","timestamp":"2025-05-03T09:02:41.600Z","x":0,"y":-434,"_id":"6815dbb13a125e28446af4a1"}
info: Moviment registrat: {"sessionId":"1746262719915","timestamp":"2025-05-03T09:02:41.635Z","x":0,"y":-435,"_id":"6815dbb13a125e28446af4a2"}
info: Moviment registrat: {"sessionId":"1746262719915","timestamp":"2025-05-03T09:02:41.660Z","x":0,"y":-436,"_id":"6815dbb13a125e28446af4a3"}
info: Moviment registrat: {"sessionId":"1746262719915","timestamp":"2025-05-03T09:02:41.693Z","x":0,"y":-437,"_id":"6815dbb13a125e28446af4a4"}
info: Moviment registrat: {"sessionId":"1746262719915","timestamp":"2025-05-03T09:02:41.721Z","x":0,"y":-438,"_id":"6815dbb13a125e28446af4a5"}
info: Moviment registrat: {"sessionId":"1746262719915","timestamp":"2025-05-03T09:02:41.752Z","x":0,"y":-439,"_id":"6815dbb13a125e28446af4a6"}
info: Moviment registrat: {"sessionId":"1746262719915","timestamp":"2025-05-03T09:02:41.780Z","x":0,"y":-440,"_id":"6815dbb13a125e28446af4a7"}
info: Moviment registrat: {"sessionId":"1746262719915","timestamp":"2025-05-03T09:02:41.812Z","x":0,"y":-441,"_id":"6815dbb13a125e28446af4a8"}
info: Moviment registrat: {"sessionId":"1746262719915","timestamp":"2025-05-03T09:02:41.842Z","x":0,"y":-442,"_id":"6815dbb13a125e28446af4a9"}
info: Moviment registrat: {"sessionId":"1746262719915","timestamp":"2025-05-03T09:02:41.872Z","x":0,"y":-443,"_id":"6815dbb13a125e28446af4aa"}
info: Moviment registrat: {"sessionId":"1746262719915","timestamp":"2025-05-03T09:02:41.902Z","x":0,"y":-444,"_id":"6815dbb13a125e28446af4ab"}
info: Moviment registrat: {"sessionId":"1746262719915","timestamp":"2025-05-03T09:02:41.938Z","x":0,"y":-445,"_id":"6815dbb13a125e28446af4ac"}
info: Moviment registrat: {"sessionId":"1746262719915","timestamp":"2025-05-03T09:02:41.961Z","x":0,"y":-446,"_id":"6815dbb13a125e28446af4ad"}
info: Moviment registrat: {"sessionId":"1746262719915","timestamp":"2025-05-03T09:02:41.998Z","x":0,"y":-447,"_id":"6815dbb13a125e28446af4ae"}
info: Moviment registrat: {"sessionId":"1746262719915","timestamp":"2025-05-03T09:02:42.021Z","x":0,"y":-448,"_id":"6815dbb23a125e28446af4af"}
info: Moviment registrat: {"sessionId":"1746262719915","timestamp":"2025-05-03T09:02:42.052Z","x":0,"y":-449,"_id":"6815dbb23a125e28446af4b0"}
info: Moviment registrat: {"sessionId":"1746262719915","timestamp":"2025-05-03T09:02:42.084Z","x":0,"y":-450,"_id":"6815dbb23a125e28446af4b1"}
info: Moviment registrat: {"sessionId":"1746262719915","timestamp":"2025-05-03T09:02:42.115Z","x":0,"y":-451,"_id":"6815dbb23a125e28446af4b2"}
info: Moviment registrat: {"sessionId":"1746262719915","timestamp":"2025-05-03T09:02:42.145Z","x":0,"y":-452,"_id":"6815dbb23a125e28446af4b3"}
info: Moviment registrat: {"sessionId":"1746262719915","timestamp":"2025-05-03T09:02:42.175Z","x":0,"y":-453,"_id":"6815dbb23a125e28446af4b4"}
info: Moviment registrat: {"sessionId":"1746262719915","timestamp":"2025-05-03T09:02:42.205Z","x":0,"y":-454,"_id":"6815dbb23a125e28446af4b5"}
info: Moviment registrat: {"sessionId":"1746262719915","timestamp":"2025-05-03T09:02:42.240Z","x":0,"y":-455,"_id":"6815dbb23a125e28446af4b6"}
info: Moviment registrat: {"sessionId":"1746262719915","timestamp":"2025-05-03T09:02:42.265Z","x":0,"y":-456,"_id":"6815dbb23a125e28446af4b7"}
info: Moviment registrat: {"sessionId":"1746262719915","timestamp":"2025-05-03T09:02:42.303Z","x":0,"y":-457,"_id":"6815dbb23a125e28446af4b8"}
info: Moviment registrat: {"sessionId":"1746262719915","timestamp":"2025-05-03T09:02:42.325Z","x":0,"y":-458,"_id":"6815dbb23a125e28446af4b9"}
info: Moviment registrat: {"sessionId":"1746262719915","timestamp":"2025-05-03T09:02:42.354Z","x":0,"y":-459,"_id":"6815dbb23a125e28446af4ba"}
info: Moviment registrat: {"sessionId":"1746262719915","timestamp":"2025-05-03T09:02:42.387Z","x":0,"y":-460,"_id":"6815dbb23a125e28446af4bb"}
info: Moviment registrat: {"sessionId":"1746262719915","timestamp":"2025-05-03T09:02:42.417Z","x":0,"y":-461,"_id":"6815dbb23a125e28446af4bc"}
info: Moviment registrat: {"sessionId":"1746262719915","timestamp":"2025-05-03T09:02:42.448Z","x":0,"y":-462,"_id":"6815dbb23a125e28446af4bd"}
info: Moviment registrat: {"sessionId":"1746262719915","timestamp":"2025-05-03T09:02:42.477Z","x":0,"y":-463,"_id":"6815dbb23a125e28446af4be"}
info: Moviment registrat: {"sessionId":"1746262719915","timestamp":"2025-05-03T09:02:42.508Z","x":0,"y":-464,"_id":"6815dbb23a125e28446af4bf"}
info: Moviment registrat: {"sessionId":"1746262719915","timestamp":"2025-05-03T09:02:42.540Z","x":0,"y":-465,"_id":"6815dbb23a125e28446af4c0"}
info: Moviment registrat: {"sessionId":"1746262719915","timestamp":"2025-05-03T09:02:42.565Z","x":0,"y":-466,"_id":"6815dbb23a125e28446af4c1"}
info: Moviment registrat: {"sessionId":"1746262719915","timestamp":"2025-05-03T09:02:42.600Z","x":0,"y":-467,"_id":"6815dbb23a125e28446af4c2"}
info: Moviment registrat: {"sessionId":"1746262719915","timestamp":"2025-05-03T09:02:42.626Z","x":0,"y":-468,"_id":"6815dbb23a125e28446af4c3"}
info: Moviment registrat: {"sessionId":"1746262719915","timestamp":"2025-05-03T09:02:42.657Z","x":0,"y":-469,"_id":"6815dbb23a125e28446af4c4"}
info: Moviment registrat: {"sessionId":"1746262719915","timestamp":"2025-05-03T09:02:42.686Z","x":0,"y":-470,"_id":"6815dbb23a125e28446af4c5"}
info: Moviment registrat: {"sessionId":"1746262719915","timestamp":"2025-05-03T09:02:42.719Z","x":0,"y":-471,"_id":"6815dbb23a125e28446af4c6"}
info: Moviment registrat: {"sessionId":"1746262719915","timestamp":"2025-05-03T09:02:42.749Z","x":0,"y":-472,"_id":"6815dbb23a125e28446af4c7"}
info: Moviment registrat: {"sessionId":"1746262719915","timestamp":"2025-05-03T09:02:42.780Z","x":0,"y":-473,"_id":"6815dbb23a125e28446af4c8"}
info: Moviment registrat: {"sessionId":"1746262719915","timestamp":"2025-05-03T09:02:42.808Z","x":0,"y":-474,"_id":"6815dbb23a125e28446af4c9"}
info: Moviment registrat: {"sessionId":"1746262719915","timestamp":"2025-05-03T09:02:42.844Z","x":0,"y":-475,"_id":"6815dbb23a125e28446af4ca"}
info: Moviment registrat: {"sessionId":"1746262719915","timestamp":"2025-05-03T09:02:42.873Z","x":0,"y":-476,"_id":"6815dbb23a125e28446af4cb"}
info: Moviment registrat: {"sessionId":"1746262719915","timestamp":"2025-05-03T09:02:42.906Z","x":0,"y":-477,"_id":"6815dbb23a125e28446af4cc"}
info: Moviment registrat: {"sessionId":"1746262719915","timestamp":"2025-05-03T09:02:42.930Z","x":0,"y":-478,"_id":"6815dbb23a125e28446af4cd"}
info: Moviment registrat: {"sessionId":"1746262719915","timestamp":"2025-05-03T09:02:43.011Z","x":0,"y":-479,"_id":"6815dbb33a125e28446af4ce"}
info: Moviment registrat: {"sessionId":"1746262719915","timestamp":"2025-05-03T09:02:43.012Z","x":0,"y":-480,"_id":"6815dbb33a125e28446af4cf"}
info: Moviment registrat: {"sessionId":"1746262719915","timestamp":"2025-05-03T09:02:43.024Z","x":0,"y":-481,"_id":"6815dbb33a125e28446af4d0"}
info: Moviment registrat: {"sessionId":"1746262719915","timestamp":"2025-05-03T09:02:43.050Z","x":0,"y":-482,"_id":"6815dbb33a125e28446af4d1"}
info: Moviment registrat: {"sessionId":"1746262719915","timestamp":"2025-05-03T09:02:43.081Z","x":0,"y":-483,"_id":"6815dbb33a125e28446af4d2"}
info: Moviment registrat: {"sessionId":"1746262719915","timestamp":"2025-05-03T09:02:43.110Z","x":0,"y":-484,"_id":"6815dbb33a125e28446af4d3"}
info: Moviment registrat: {"sessionId":"1746262719915","timestamp":"2025-05-03T09:02:43.145Z","x":0,"y":-485,"_id":"6815dbb33a125e28446af4d4"}
info: Moviment registrat: {"sessionId":"1746262719915","timestamp":"2025-05-03T09:02:43.171Z","x":0,"y":-486,"_id":"6815dbb33a125e28446af4d5"}
info: Moviment registrat: {"sessionId":"1746262719915","timestamp":"2025-05-03T09:02:43.206Z","x":0,"y":-487,"_id":"6815dbb33a125e28446af4d6"}
info: Moviment registrat: {"sessionId":"1746262719915","timestamp":"2025-05-03T09:02:43.232Z","x":0,"y":-488,"_id":"6815dbb33a125e28446af4d7"}
info: Moviment registrat: {"sessionId":"1746262719915","timestamp":"2025-05-03T09:02:43.262Z","x":0,"y":-489,"_id":"6815dbb33a125e28446af4d8"}
info: Moviment registrat: {"sessionId":"1746262719915","timestamp":"2025-05-03T09:02:43.294Z","x":0,"y":-490,"_id":"6815dbb33a125e28446af4d9"}
info: Moviment registrat: {"sessionId":"1746262719915","timestamp":"2025-05-03T09:02:43.322Z","x":0,"y":-491,"_id":"6815dbb33a125e28446af4da"}
info: Moviment registrat: {"sessionId":"1746262719915","timestamp":"2025-05-03T09:02:43.352Z","x":0,"y":-492,"_id":"6815dbb33a125e28446af4db"}
info: Moviment registrat: {"sessionId":"1746262719915","timestamp":"2025-05-03T09:02:43.382Z","x":0,"y":-493,"_id":"6815dbb33a125e28446af4dc"}
info: Moviment registrat: {"sessionId":"1746262719915","timestamp":"2025-05-03T09:02:43.413Z","x":0,"y":-494,"_id":"6815dbb33a125e28446af4dd"}
info: Moviment registrat: {"sessionId":"1746262719915","timestamp":"2025-05-03T09:02:43.450Z","x":0,"y":-495,"_id":"6815dbb33a125e28446af4de"}
info: Partida 1746262719915 finalitzada per inactivitat.
info: Distància línia recta: 490.00
info: Client desconnectat.
info: Servidor WebSocket escoltant al port 8080...
info: Connexió a MongoDB establerta.
info: Nou client connectat.
info: Moviment registrat: {"sessionId":"1746263190134","timestamp":"2025-05-03T09:06:31.536Z","x":0,"y":-1,"_id":"6815dc97c5ade85f2a8dacc4"}
info: Moviment registrat: {"sessionId":"1746263190134","timestamp":"2025-05-03T09:06:31.693Z","x":0,"y":-2,"_id":"6815dc97c5ade85f2a8dacc5"}
info: Moviment registrat: {"sessionId":"1746263190134","timestamp":"2025-05-03T09:06:32.007Z","x":0,"y":-3,"_id":"6815dc98c5ade85f2a8dacc6"}
info: Moviment registrat: {"sessionId":"1746263190134","timestamp":"2025-05-03T09:06:32.015Z","x":0,"y":-2,"_id":"6815dc98c5ade85f2a8dacc7"}
info: Moviment registrat: {"sessionId":"1746263190134","timestamp":"2025-05-03T09:06:32.162Z","x":0,"y":-3,"_id":"6815dc98c5ade85f2a8dacc8"}
info: Moviment registrat: {"sessionId":"1746263190134","timestamp":"2025-05-03T09:06:32.413Z","x":-1,"y":-3,"_id":"6815dc98c5ade85f2a8dacc9"}
info: Moviment registrat: {"sessionId":"1746263190134","timestamp":"2025-05-03T09:06:32.849Z","x":0,"y":-3,"_id":"6815dc98c5ade85f2a8dacca"}
info: Moviment registrat: {"sessionId":"1746263190134","timestamp":"2025-05-03T09:06:33.081Z","x":-1,"y":-3,"_id":"6815dc99c5ade85f2a8daccb"}
info: Moviment registrat: {"sessionId":"1746263190134","timestamp":"2025-05-03T09:06:33.211Z","x":-1,"y":-4,"_id":"6815dc99c5ade85f2a8daccc"}
info: Moviment registrat: {"sessionId":"1746263190134","timestamp":"2025-05-03T09:06:33.294Z","x":-1,"y":-3,"_id":"6815dc99c5ade85f2a8daccd"}
info: Partida 1746263190134 finalitzada per inactivitat.
info: Distància línia recta: 2.24
